Component: ARM Compiler 5.06 update 4 (build 422) Tool: armlink [4d35d2]

==============================================================================

Section Cross References

    startup_stm32f103xe.o(RESET) refers to startup_stm32f103xe.o(STACK) for __initial_sp
    startup_stm32f103xe.o(RESET) refers to startup_stm32f103xe.o(.text) for Reset_Handler
    startup_stm32f103xe.o(RESET) refers to stm32f1xx_it.o(i.NMI_Handler) for NMI_Handler
    startup_stm32f103xe.o(RESET) refers to stm32f1xx_it.o(i.HardFault_Handler) for HardFault_Handler
    startup_stm32f103xe.o(RESET) refers to stm32f1xx_it.o(i.MemManage_Handler) for MemManage_Handler
    startup_stm32f103xe.o(RESET) refers to stm32f1xx_it.o(i.BusFault_Handler) for BusFault_Handler
    startup_stm32f103xe.o(RESET) refers to stm32f1xx_it.o(i.UsageFault_Handler) for UsageFault_Handler
    startup_stm32f103xe.o(RESET) refers to stm32f1xx_it.o(i.SVC_Handler) for SVC_Handler
    startup_stm32f103xe.o(RESET) refers to stm32f1xx_it.o(i.DebugMon_Handler) for DebugMon_Handler
    startup_stm32f103xe.o(RESET) refers to stm32f1xx_it.o(i.PendSV_Handler) for PendSV_Handler
    startup_stm32f103xe.o(RESET) refers to stm32f1xx_it.o(i.SysTick_Handler) for SysTick_Handler
    startup_stm32f103xe.o(RESET) refers to stm32f1xx_it.o(i.DMA1_Channel1_IRQHandler) for DMA1_Channel1_IRQHandler
    startup_stm32f103xe.o(RESET) refers to stm32f1xx_it.o(i.ADC1_2_IRQHandler) for ADC1_2_IRQHandler
    startup_stm32f103xe.o(RESET) refers to stm32f1xx_it.o(i.TIM6_IRQHandler) for TIM6_IRQHandler
    startup_stm32f103xe.o(.text) refers to system_stm32f1xx.o(i.SystemInit) for SystemInit
    startup_stm32f103xe.o(.text) refers to entry.o(.ARM.Collect$$$$00000000) for __main
    i2c.o(i.I2C_Ack) refers to stm32f1xx_hal_gpio.o(i.HAL_GPIO_WritePin) for HAL_GPIO_WritePin
    i2c.o(i.I2C_Ack) refers to i2c.o(i.SDA_Output) for SDA_Output
    i2c.o(i.I2C_Ack) refers to i2c.o(i.delay_xus) for delay_xus
    i2c.o(i.I2C_Init) refers to i2c.o(i.SCL_Output) for SCL_Output
    i2c.o(i.I2C_Init) refers to i2c.o(i.SDA_Output) for SDA_Output
    i2c.o(i.I2C_Init) refers to stm32f1xx_hal_gpio.o(i.HAL_GPIO_WritePin) for HAL_GPIO_WritePin
    i2c.o(i.I2C_NAck) refers to stm32f1xx_hal_gpio.o(i.HAL_GPIO_WritePin) for HAL_GPIO_WritePin
    i2c.o(i.I2C_NAck) refers to i2c.o(i.SDA_Output) for SDA_Output
    i2c.o(i.I2C_NAck) refers to i2c.o(i.delay_xus) for delay_xus
    i2c.o(i.I2C_Read_Byte) refers to i2c.o(i.SDA_Input) for SDA_Input
    i2c.o(i.I2C_Read_Byte) refers to stm32f1xx_hal_gpio.o(i.HAL_GPIO_WritePin) for HAL_GPIO_WritePin
    i2c.o(i.I2C_Read_Byte) refers to i2c.o(i.delay_xus) for delay_xus
    i2c.o(i.I2C_Read_Byte) refers to stm32f1xx_hal_gpio.o(i.HAL_GPIO_ReadPin) for HAL_GPIO_ReadPin
    i2c.o(i.I2C_Read_Byte) refers to i2c.o(i.I2C_NAck) for I2C_NAck
    i2c.o(i.I2C_Read_Byte) refers to i2c.o(i.I2C_Ack) for I2C_Ack
    i2c.o(i.I2C_Send_Byte) refers to i2c.o(i.SDA_Output) for SDA_Output
    i2c.o(i.I2C_Send_Byte) refers to stm32f1xx_hal_gpio.o(i.HAL_GPIO_WritePin) for HAL_GPIO_WritePin
    i2c.o(i.I2C_Send_Byte) refers to i2c.o(i.delay_xus) for delay_xus
    i2c.o(i.I2C_Start) refers to i2c.o(i.SDA_Output) for SDA_Output
    i2c.o(i.I2C_Start) refers to stm32f1xx_hal_gpio.o(i.HAL_GPIO_WritePin) for HAL_GPIO_WritePin
    i2c.o(i.I2C_Start) refers to i2c.o(i.delay_xus) for delay_xus
    i2c.o(i.I2C_Stop) refers to i2c.o(i.SDA_Output) for SDA_Output
    i2c.o(i.I2C_Stop) refers to stm32f1xx_hal_gpio.o(i.HAL_GPIO_WritePin) for HAL_GPIO_WritePin
    i2c.o(i.I2C_Stop) refers to i2c.o(i.delay_xus) for delay_xus
    i2c.o(i.I2C_Wait_Ack) refers to i2c.o(i.SDA_Input) for SDA_Input
    i2c.o(i.I2C_Wait_Ack) refers to stm32f1xx_hal_gpio.o(i.HAL_GPIO_WritePin) for HAL_GPIO_WritePin
    i2c.o(i.I2C_Wait_Ack) refers to i2c.o(i.delay_xus) for delay_xus
    i2c.o(i.I2C_Wait_Ack) refers to i2c.o(i.I2C_Stop) for I2C_Stop
    i2c.o(i.I2C_Wait_Ack) refers to stm32f1xx_hal_gpio.o(i.HAL_GPIO_ReadPin) for HAL_GPIO_ReadPin
    i2c.o(i.SCL_Input) refers to stm32f1xx_hal_gpio.o(i.HAL_GPIO_Init) for HAL_GPIO_Init
    i2c.o(i.SCL_Output) refers to stm32f1xx_hal_gpio.o(i.HAL_GPIO_Init) for HAL_GPIO_Init
    i2c.o(i.SDA_Input) refers to stm32f1xx_hal_gpio.o(i.HAL_GPIO_Init) for HAL_GPIO_Init
    i2c.o(i.SDA_Output) refers to stm32f1xx_hal_gpio.o(i.HAL_GPIO_Init) for HAL_GPIO_Init
    main.o(i.SystemClock_Config) refers to memseta.o(.text) for __aeabi_memclr4
    main.o(i.SystemClock_Config) refers to stm32f1xx_hal_rcc.o(i.HAL_RCC_OscConfig) for HAL_RCC_OscConfig
    main.o(i.SystemClock_Config) refers to main.o(i.Error_Handler) for Error_Handler
    main.o(i.SystemClock_Config) refers to stm32f1xx_hal_rcc.o(i.HAL_RCC_ClockConfig) for HAL_RCC_ClockConfig
    main.o(i.SystemClock_Config) refers to stm32f1xx_hal_rcc_ex.o(i.HAL_RCCEx_PeriphCLKConfig) for HAL_RCCEx_PeriphCLKConfig
    main.o(i.main) refers to stm32f1xx_hal.o(i.HAL_Init) for HAL_Init
[...]
    i.OLED_ShowStr                           0x08004e04   Section        0  oled_i2c.o(i.OLED_ShowStr)
    i.PID_Init                               0x08004ef0   Section        0  pid.o(i.PID_Init)
    i.PID_Init_Motor                         0x08004f04   Section        0  motor.o(i.PID_Init_Motor)
    i.PID_SingleCalc                         0x08004f58   Section        0  pid.o(i.PID_SingleCalc)
    i.PendSV_Handler                         0x08005008   Section        0  stm32f1xx_it.o(i.PendSV_Handler)
    i.RCC_Delay                              0x0800500c   Section        0  stm32f1xx_hal_rcc.o(i.RCC_Delay)
    RCC_Delay                                0x0800500d   Thumb Code    36  stm32f1xx_hal_rcc.o(i.RCC_Delay)
    i.SCL_Output                             0x08005034   Section        0  i2c.o(i.SCL_Output)
    i.SDA_Input                              0x08005050   Section        0  i2c.o(i.SDA_Input)
    i.SDA_Output                             0x0800506c   Section        0  i2c.o(i.SDA_Output)
    i.SVC_Handler                            0x08005088   Section        0  stm32f1xx_it.o(i.SVC_Handler)
    i.SysTick_Handler                        0x0800508a   Section        0  stm32f1xx_it.o(i.SysTick_Handler)
    i.SystemClock_Config                     0x08005092   Section        0  main.o(i.SystemClock_Config)
    i.SystemInit                             0x0800511a   Section        0  system_stm32f1xx.o(i.SystemInit)
    i.TIM6_IRQHandler                        0x0800511c   Section        0  stm32f1xx_it.o(i.TIM6_IRQHandler)
    i.TIM_Base_SetConfig                     0x0800512c   Section        0  stm32f1xx_hal_tim.o(i.TIM_Base_SetConfig)
    i.TIM_CCxChannelCmd                      0x080051c8   Section        0  stm32f1xx_hal_tim.o(i.TIM_CCxChannelCmd)
    i.TIM_OC1_SetConfig                      0x080051ec   Section        0  stm32f1xx_hal_tim.o(i.TIM_OC1_SetConfig)
    TIM_OC1_SetConfig                        0x080051ed   Thumb Code   104  stm32f1xx_hal_tim.o(i.TIM_OC1_SetConfig)
    i.TIM_OC2_SetConfig                      0x0800525c   Section        0  stm32f1xx_hal_tim.o(i.TIM_OC2_SetConfig)
    i.TIM_OC3_SetConfig                      0x080052d8   Section        0  stm32f1xx_hal_tim.o(i.TIM_OC3_SetConfig)
    TIM_OC3_SetConfig                        0x080052d9   Thumb Code   112  stm32f1xx_hal_tim.o(i.TIM_OC3_SetConfig)
    i.TIM_OC4_SetConfig                      0x08005350   Section        0  stm32f1xx_hal_tim.o(i.TIM_OC4_SetConfig)
    TIM_OC4_SetConfig                        0x08005351   Thumb Code    74  stm32f1xx_hal_tim.o(i.TIM_OC4_SetConfig)
    i.UART_SetConfig                         0x080053a4   Section        0  stm32f1xx_hal_uart.o(i.UART_SetConfig)
    UART_SetConfig                           0x080053a5   Thumb Code   248  stm32f1xx_hal_uart.o(i.UART_SetConfig)
    i.UART_WaitOnFlagUntilTimeout            0x080054a0   Section        0  stm32f1xx_hal_uart.o(i.UART_WaitOnFlagUntilTimeout)
    UART_WaitOnFlagUntilTimeout              0x080054a1   Thumb Code   146  stm32f1xx_hal_uart.o(i.UART_WaitOnFlagUntilTimeout)
    i.USB_CoreInit                           0x08005532   Section        0  stm32f1xx_ll_usb.o(i.USB_CoreInit)
    i.USB_DevDisconnect                      0x0800553a   Section        0  stm32f1xx_ll_usb.o(i.USB_DevDisconnect)
    i.USB_DevInit                            0x08005540   Section        0  stm32f1xx_ll_usb.o(i.USB_DevInit)
    i.USB_DisableGlobalInt                   0x08005556   Section        0  stm32f1xx_ll_usb.o(i.USB_DisableGlobalInt)
    i.USB_SetCurrentMode                     0x0800556a   Section        0  stm32f1xx_ll_usb.o(i.USB_SetCurrentMode)
    i.UsageFault_Handler                     0x08005570   Section        0  stm32f1xx_it.o(i.UsageFault_Handler)
    i.Velocity_Upgrade                       0x08005574   Section        0  motor.o(i.Velocity_Upgrade)
    i.WriteCmd                               0x08005620   Section        0  oled_i2c.o(i.WriteCmd)
    i.WriteDat                               0x0800562e   Section        0  oled_i2c.o(i.WriteDat)
    i.__0printf$bare                         0x0800563c   Section        0  printfb.o(i.__0printf$bare)
    i.__ARM_fpclassify                       0x0800564c   Section        0  fpclassify.o(i.__ARM_fpclassify)
    i.__NVIC_GetPriorityGrouping             0x08005674   Section        0  stm32f1xx_hal_cortex.o(i.__NVIC_GetPriorityGrouping)
    __NVIC_GetPriorityGrouping               0x08005675   Thumb Code    10  stm32f1xx_hal_cortex.o(i.__NVIC_GetPriorityGrouping)
    i.__NVIC_SetPriority                     0x08005684   Section        0  stm32f1xx_hal_cortex.o(i.__NVIC_SetPriority)
    __NVIC_SetPriority                       0x08005685   Thumb Code    32  stm32f1xx_hal_cortex.o(i.__NVIC_SetPriority)
    i.__kernel_poly                          0x080056ac   Section        0  poly.o(i.__kernel_poly)
    i.__mathlib_dbl_infnan                   0x08005756   Section        0  dunder.o(i.__mathlib_dbl_infnan)
    i.__mathlib_dbl_infnan2                  0x0800575c   Section        0  dunder.o(i.__mathlib_dbl_infnan2)
    i.__mathlib_dbl_invalid                  0x08005760   Section        0  dunder.o(i.__mathlib_dbl_invalid)
    i.__mathlib_dbl_underflow                0x0800576c   Section        0  dunder.o(i.__mathlib_dbl_underflow)
    i.__scatterload_copy                     0x0800577c   Section       14  handlers.o(i.__scatterload_copy)
    i.__scatterload_null                     0x0800578a   Section        2  handlers.o(i.__scatterload_null)
    i.__scatterload_zeroinit                 0x0800578c   Section       14  handlers.o(i.__scatterload_zeroinit)
    i.__set_errno                            0x0800579c   Section        0  errno.o(i.__set_errno)
    i._printf_core                           0x080057a8   Section        0  printfb.o(i._printf_core)
    _printf_core                             0x080057a9   Thumb Code    34  printfb.o(i._printf_core)
    i.accel_self_test                        0x080057cc   Section        0  inv_mpu.o(i.accel_self_test)
    accel_self_test                          0x080057cd   Thumb Code   164  inv_mpu.o(i.accel_self_test)
    i.asin                                   0x08005874   Section        0  asin.o(i.asin)
    i.atan                                   0x08005ae4   Section        0  atan.o(i.atan)
    i.atan2                                  0x08005d04   Section        0  atan2.o(i.atan2)
    i.decode_gesture                         0x08005e84   Section        0  inv_mpu_dmp_motion_driver.o(i.decode_gesture)
    decode_gesture                           0x08005e85   Thumb Code    94  inv_mpu_dmp_motion_driver.o(i.decode_gesture)
    i.delay_xus                              0x08005ee8   Section        0  i2c.o(i.delay_xus)
    i.dmp_enable_6x_lp_quat                  0x08005f58   Section        0  inv_mpu_dmp_motion_driver.o(i.dmp_enable_6x_lp_quat)
    i.dmp_enable_feature                     0x08005f94   Section        0  inv_mpu_dmp_motion_driver.o(i.dmp_enable_feature)
    i.dmp_enable_gyro_cal                    0x080061b0   Section        0  inv_mpu_dmp_motion_driver.o(i.dmp_enable_gyro_cal)
    i.dmp_enable_lp_quat                     0x08006208   Section        0  inv_mpu_dmp_motion_driver.o(i.dmp_enable_lp_quat)
    i.dmp_load_motion_driver_firmware        0x08006244   Section        0  inv_mpu_dmp_motion_driver.o(i.dmp_load_motion_driver_firmware)
    i.dmp_read_fifo                          0x0800625c   Section        0  inv_mpu_dmp_motion_driver.o(i.dmp_read_fifo)
    i.dmp_set_accel_bias                     0x08006428   Section        0  inv_mpu_dmp_motion_driver.o(i.dmp_set_accel_bias)
    i.dmp_set_fifo_rate                      0x0800655c   Section        0  inv_mpu_dmp_motion_driver.o(i.dmp_set_fifo_rate)
    i.dmp_set_gyro_bias                      0x080065cc   Section        0  inv_mpu_dmp_motion_driver.o(i.dmp_set_gyro_bias)
    i.dmp_set_orientation                    0x080066fc   Section        0  inv_mpu_dmp_motion_driver.o(i.dmp_set_orientation)
    i.dmp_set_shake_reject_thresh            0x08006834   Section        0  inv_mpu_dmp_motion_driver.o(i.dmp_set_shake_reject_thresh)
    i.dmp_set_shake_reject_time              0x0800686c   Section        0  inv_mpu_dmp_motion_driver.o(i.dmp_set_shake_reject_time)
    i.dmp_set_shake_reject_timeout           0x08006892   Section        0  inv_mpu_dmp_motion_driver.o(i.dmp_set_shake_reject_timeout)
    i.dmp_set_tap_axes                       0x080068b8   Section        0  inv_mpu_dmp_motion_driver.o(i.dmp_set_tap_axes)
    i.dmp_set_tap_count                      0x080068fe   Section        0  inv_mpu_dmp_motion_driver.o(i.dmp_set_tap_count)
    i.dmp_set_tap_thresh                     0x08006924   Section        0  inv_mpu_dmp_motion_driver.o(i.dmp_set_tap_thresh)
    i.dmp_set_tap_time                       0x08006ac4   Section        0  inv_mpu_dmp_motion_driver.o(i.dmp_set_tap_time)
    i.dmp_set_tap_time_multi                 0x08006aea   Section        0  inv_mpu_dmp_motion_driver.o(i.dmp_set_tap_time_multi)
    i.fake_delay_ms                          0x08006b10   Section        0  mpu6050.o(i.fake_delay_ms)
    i.fake_get_ms                            0x08006b12   Section        0  mpu6050.o(i.fake_get_ms)
    i.fputc                                  0x08006b14   Section        0  my_uart.o(i.fputc)
    i.get_accel_prod_shift                   0x08006b30   Section        0  inv_mpu.o(i.get_accel_prod_shift)
    get_accel_prod_shift                     0x08006b31   Thumb Code   168  inv_mpu.o(i.get_accel_prod_shift)
    i.get_st_biases                          0x08006be4   Section        0  inv_mpu.o(i.get_st_biases)
    get_st_biases                            0x08006be5   Thumb Code  1132  inv_mpu.o(i.get_st_biases)
    i.gyro_self_test                         0x08007054   Section        0  inv_mpu.o(i.gyro_self_test)
    gyro_self_test                           0x08007055   Thumb Code   256  inv_mpu.o(i.gyro_self_test)
    i.inv_row_2_scale                        0x08007164   Section        0  mpu6050.o(i.inv_row_2_scale)
    inv_row_2_scale                          0x08007165   Thumb Code    78  mpu6050.o(i.inv_row_2_scale)
    i.main                                   0x080071b4   Section        0  main.o(i.main)
    i.mpu_configure_fifo                     0x08007270   Section        0  inv_mpu.o(i.mpu_configure_fifo)
    i.mpu_get_accel_fsr                      0x080072e0   Section        0  inv_mpu.o(i.mpu_get_accel_fsr)
    i.mpu_get_accel_sens                     0x0800732c   Section        0  inv_mpu.o(i.mpu_get_accel_sens)
    i.mpu_get_fifo_config                    0x08007380   Section        0  inv_mpu.o(i.mpu_get_fifo_config)
    i.mpu_get_gyro_fsr                       0x08007390   Section        0  inv_mpu.o(i.mpu_get_gyro_fsr)
    i.mpu_get_gyro_sens                      0x080073d4   Section        0  inv_mpu.o(i.mpu_get_gyro_sens)
    i.mpu_get_lpf                            0x08007424   Section        0  inv_mpu.o(i.mpu_get_lpf)
    i.mpu_get_sample_rate                    0x08007474   Section        0  inv_mpu.o(i.mpu_get_sample_rate)
    i.mpu_init                               0x08007494   Section        0  inv_mpu.o(i.mpu_init)
    i.mpu_load_firmware                      0x08007590   Section        0  inv_mpu.o(i.mpu_load_firmware)
    i.mpu_lp_accel_mode                      0x08007648   Section        0  inv_mpu.o(i.mpu_lp_accel_mode)
    i.mpu_read_fifo_stream                   0x08007728   Section        0  inv_mpu.o(i.mpu_read_fifo_stream)
    i.mpu_read_mem                           0x080077e8   Section        0  inv_mpu.o(i.mpu_read_mem)
    i.mpu_reset_fifo                         0x08007868   Section        0  inv_mpu.o(i.mpu_reset_fifo)
    i.mpu_run_self_test                      0x08007a30   Section        0  inv_mpu.o(i.mpu_run_self_test)
    i.mpu_set_accel_fsr                      0x08007b50   Section        0  inv_mpu.o(i.mpu_set_accel_fsr)
    i.mpu_set_bypass                         0x08007bd4   Section        0  inv_mpu.o(i.mpu_set_bypass)
    i.mpu_set_dmp_state                      0x08007d20   Section        0  inv_mpu.o(i.mpu_set_dmp_state)
    i.mpu_set_gyro_fsr                       0x08007db0   Section        0  inv_mpu.o(i.mpu_set_gyro_fsr)
    i.mpu_set_int_latched                    0x08007e38   Section        0  inv_mpu.o(i.mpu_set_int_latched)
    i.mpu_set_lpf                            0x08007ea4   Section        0  inv_mpu.o(i.mpu_set_lpf)
    i.mpu_set_sample_rate                    0x08007f28   Section        0  inv_mpu.o(i.mpu_set_sample_rate)
    i.mpu_set_sensors                        0x08007fc4   Section        0  inv_mpu.o(i.mpu_set_sensors)
    i.mpu_write_mem                          0x08008094   Section        0  inv_mpu.o(i.mpu_write_mem)
    i.run_self_test                          0x08008114   Section        0  mpu6050.o(i.run_self_test)
    i.set_int_enable                         0x080081a8   Section        0  inv_mpu.o(i.set_int_enable)
    set_int_enable                           0x080081a9   Thumb Code   138  inv_mpu.o(i.set_int_enable)
    i.sqrt                                   0x08008238   Section        0  sqrt.o(i.sqrt)
    .constdata                               0x08008284   Section       18  stm32f1xx_hal_rcc.o(.constdata)
    aPLLMULFactorTable                       0x08008284   Data          16  stm32f1xx_hal_rcc.o(.constdata)
    aPredivFactorTable                       0x08008294   Data           2  stm32f1xx_hal_rcc.o(.constdata)
    .constdata                               0x08008296   Section       18  stm32f1xx_hal_rcc_ex.o(.constdata)
    aPLLMULFactorTable                       0x08008296   Data          16  stm32f1xx_hal_rcc_ex.o(.constdata)
    aPredivFactorTable                       0x080082a6   Data           2  stm32f1xx_hal_rcc_ex.o(.constdata)
    .constdata                               0x080082a8   Section       24  system_stm32f1xx.o(.constdata)
    .constdata                               0x080082c0   Section     2232  codetab.o(.constdata)
    .constdata                               0x08008b78   Section       84  inv_mpu.o(.constdata)
    .constdata                               0x08008bcc   Section     3062  inv_mpu_dmp_motion_driver.o(.constdata)
    dmp_memory                               0x08008bcc   Data        3062  inv_mpu_dmp_motion_driver.o(.constdata)
    .constdata                               0x080097c8   Section       80  asin.o(.constdata)
    pS                                       0x080097c8   Data          48  asin.o(.constdata)
    qS                                       0x080097f8   Data          32  asin.o(.constdata)
    .constdata                               0x08009818   Section      152  atan.o(.constdata)
    atanhi                                   0x08009818   Data          32  atan.o(.constdata)
    atanlo                                   0x08009838   Data          32  atan.o(.constdata)
    aTodd                                    0x08009858   Data          40  atan.o(.constdata)
    aTeven                                   0x08009880   Data          48  atan.o(.constdata)
    .constdata                               0x080098b0   Section        8  qnan.o(.constdata)
    .data                                    0x20000000   Section        9  stm32f1xx_hal.o(.data)
    .data                                    0x2000000c   Section        4  system_stm32f1xx.o(.data)
    .data                                    0x20000010   Section       56  motor.o(.data)
    .data                                    0x20000048   Section        9  mpu6050.o(.data)
    gyro_orientation                         0x20000048   Data           9  mpu6050.o(.data)
    .data                                    0x20000054   Section       44  inv_mpu.o(.data)
    st                                       0x20000054   Data          44  inv_mpu.o(.data)
    .data                                    0x20000080   Section        4  stdout.o(.data)
    .data                                    0x20000084   Section        4  errno.o(.data)
    _errno                                   0x20000084   Data           4  errno.o(.data)
    .bss                                     0x20000088   Section      116  adc.o(.bss)
    .bss                                     0x200000fc   Section       40  can.o(.bss)
    .bss                                     0x20000124   Section      176  spi.o(.bss)
    .bss                                     0x200001d4   Section      504  tim.o(.bss)
    .bss                                     0x200003cc   Section      360  usart.o(.bss)
    .bss                                     0x20000534   Section      752  usb.o(.bss)
    .bss                                     0x20000824   Section      992  motor.o(.bss)
    .bss                                     0x20000c04   Section       16  inv_mpu_dmp_motion_driver.o(.bss)
    dmp                                      0x20000c04   Data          16  inv_mpu_dmp_motion_driver.o(.bss)
    STACK                                    0x20000c18   Section     1024  startup_stm32f103xe.o(STACK)

    Global Symbols

    Symbol Name                              Value     Ov Type        Size  Object(Section)

    BuildAttributes$$THM_ISAv4$P$D$K$B$S$PE$A:L22UL41UL21$X:L11$S22US41US21$IEEE1$IW$USESV6$~STKCKD$USESV7$~SHL$OTIME$ROPI$IEEEX$EBA8$MICROLIB$REQ8$PRES8$EABIv2 0x00000000   Number         0  anon$$obj.o ABSOLUTE
    __ARM_use_no_argv                        0x00000000   Number         0  main.o ABSOLUTE
    __cpp_initialize__aeabi_                  - Undefined Weak Reference
    __cxa_finalize                            - Undefined Weak Reference
    __decompress                              - Undefined Weak Reference
    _clock_init                               - Undefined Weak Reference
    _microlib_exit                            - Undefined Weak Reference
    __Vectors_Size                           0x00000130   Number         0  startup_stm32f103xe.o ABSOLUTE
    __Vectors                                0x08000000   Data           4  startup_stm32f103xe.o(RESET)
    __Vectors_End                            0x08000130   Data           0  startup_stm32f103xe.o(RESET)
    __main                                   0x08000131   Thumb Code     0  entry.o(.ARM.Collect$$$$00000000)
    _main_stk                                0x08000131   Thumb Code     0  entry2.o(.ARM.Collect$$$$00000001)
    _main_scatterload                        0x08000135   Thumb Code     0  entry5.o(.ARM.Collect$$$$00000004)
    __main_after_scatterload                 0x08000139   Thumb Code     0  entry5.o(.ARM.Collect$$$$00000004)
    _main_clock                              0x08000139   Thumb Code     0  entry7b.o(.ARM.Collect$$$$00000008)
    _main_cpp_init                           0x08000139   Thumb Code     0  entry8b.o(.ARM.Collect$$$$0000000A)
    _main_init                               0x08000139   Thumb Code     0  entry9a.o(.ARM.Collect$$$$0000000B)
    __rt_final_cpp                           0x08000141   Thumb Code     0  entry10a.o(.ARM.Collect$$$$0000000D)
    __rt_final_exit                          0x08000141   Thumb Code     0  entry11a.o(.ARM.Collect$$$$0000000F)
    Reset_Handler                            0x08000145   Thumb Code     8  startup_stm32f103xe.o(.text)
    ADC3_IRQHandler                          0x0800015f   Thumb Code     0  startup_stm32f103xe.o(.text)
    CAN1_RX1_IRQHandler                      0x0800015f   Thumb Code     0  startup_stm32f103xe.o(.text)
    CAN1_SCE_IRQHandler                      0x0800015f   Thumb Code     0  startup_stm32f103xe.o(.text)
    DMA1_Channel2_IRQHandler                 0x0800015f   Thumb Code     0  startup_stm32f103xe.o(.text)
    DMA1_Channel3_IRQHandler                 0x0800015f   Thumb Code     0  startup_stm32f103xe.o(.text)
    DMA1_Channel4_IRQHandler                 0x0800015f   Thumb Code     0  startup_stm32f103xe.o(.text)
    DMA1_Channel5_IRQHandler                 0x0800015f   Thumb Code     0  startup_stm32f103xe.o(.text)
    DMA1_Channel6_IRQHandler                 0x0800015f   Thumb Code     0  startup_stm32f103xe.o(.text)
    DMA1_Channel7_IRQHandler                 0x0800015f   Thumb Code     0  startup_stm32f103xe.o(.text)
    DMA2_Channel1_IRQHandler                 0x0800015f   Thumb Code     0  startup_stm32f103xe.o(.text)
    DMA2_Channel2_IRQHandler                 0x0800015f   Thumb Code     0  startup_stm32f103xe.o(.text)
    DMA2_Channel3_IRQHandler                 0x0800015f   Thumb Code     0  startup_stm32f103xe.o(.text)
    DMA2_Channel4_5_IRQHandler               0x0800015f   Thumb Code     0  startup_stm32f103xe.o(.text)
    EXTI0_IRQHandler                         0x0800015f   Thumb Code     0  startup_stm32f103xe.o(.text)
    EXTI15_10_IRQHandler                     0x0800015f   Thumb Code     0  startup_stm32f103xe.o(.text)
    EXTI1_IRQHandler                         0x0800015f   Thumb Code     0  startup_stm32f103xe.o(.text)
    EXTI2_IRQHandler                         0x0800015f   Thumb Code     0  startup_stm32f103xe.o(.text)
    EXTI3_IRQHandler                         0x0800015f   Thumb Code     0  startup_stm32f103xe.o(.text)
    EXTI4_IRQHandler                         0x0800015f   Thumb Code     0  startup_stm32f103xe.o(.text)
    EXTI9_5_IRQHandler                       0x0800015f   Thumb Code     0  startup_stm32f103xe.o(.text)
    FLASH_IRQHandler                         0x0800015f   Thumb Code     0  startup_stm32f103xe.o(.text)
    FSMC_IRQHandler                          0x0800015f   Thumb Code     0  startup_stm32f103xe.o(.text)
    I2C1_ER_IRQHandler                       0x0800015f   Thumb Code     0  startup_stm32f103xe.o(.text)
    I2C1_EV_IRQHandler                       0x0800015f   Thumb Code     0  startup_stm32f103xe.o(.text)
    I2C2_ER_IRQHandler                       0x0800015f   Thumb Code     0  startup_stm32f103xe.o(.text)
    I2C2_EV_IRQHandler                       0x0800015f   Thumb Code     0  startup_stm32f103xe.o(.text)
    PVD_IRQHandler                           0x0800015f   Thumb Code     0  startup_stm32f103xe.o(.text)
    RCC_IRQHandler                           0x0800015f   Thumb Code     0  startup_stm32f103xe.o(.text)
    RTC_Alarm_IRQHandler                     0x0800015f   Thumb Code     0  startup_stm32f103xe.o(.text)
    RTC_IRQHandler                           0x0800015f   Thumb Code     0  startup_stm32f103xe.o(.text)
    SDIO_IRQHandler                          0x0800015f   Thumb Code     0  startup_stm32f103xe.o(.text)
    SPI1_IRQHandler                          0x0800015f   Thumb Code     0  startup_stm32f103xe.o(.text)
    SPI2_IRQHandler                          0x0800015f   Thumb Code     0  startup_stm32f103xe.o(.text)
    SPI3_IRQHandler                          0x0800015f   Thumb Code     0  startup_stm32f103xe.o(.text)
    TAMPER_IRQHandler                        0x0800015f   Thumb Code     0  startup_stm32f103xe.o(.text)
    TIM1_BRK_IRQHandler                      0x0800015f   Thumb Code     0  startup_stm32f103xe.o(.text)
    TIM1_CC_IRQHandler                       0x0800015f   Thumb Code     0  startup_stm32f103xe.o(.text)
    TIM1_TRG_COM_IRQHandler                  0x0800015f   Thumb Code     0  startup_stm32f103xe.o(.text)
    TIM1_UP_IRQHandler                       0x0800015f   Thumb Code     0  startup_stm32f103xe.o(.text)
    TIM2_IRQHandler                          0x0800015f   Thumb Code     0  startup_stm32f103xe.o(.text)
    TIM3_IRQHandler                          0x0800015f   Thumb Code     0  startup_stm32f103xe.o(.text)
    TIM4_IRQHandler                          0x0800015f   Thumb Code     0  startup_stm32f103xe.o(.text)
    TIM5_IRQHandler                          0x0800015f   Thumb Code     0  startup_stm32f103xe.o(.text)
    TIM7_IRQHandler                          0x0800015f   Thumb Code     0  startup_stm32f103xe.o(.text)
    TIM8_BRK_IRQHandler                      0x0800015f   Thumb Code     0  startup_stm32f103xe.o(.text)
    TIM8_CC_IRQHandler                       0x0800015f   Thumb Code     0  startup_stm32f103xe.o(.text)
    TIM8_TRG_COM_IRQHandler                  0x0800015f   Thumb Code     0  startup_stm32f103xe.o(.text)
    TIM8_UP_IRQHandler                       0x0800015f   Thumb Code     0  startup_stm32f103xe.o(.text)
    UART4_IRQHandler                         0x0800015f   Thumb Code     0  startup_stm32f103xe.o(.text)
    UART5_IRQHandler                         0x0800015f   Thumb Code     0  startup_stm32f103xe.o(.text)
    USART1_IRQHandler                        0x0800015f   Thumb Code     0  startup_stm32f103xe.o(.text)
    USART2_IRQHandler                        0x0800015f   Thumb Code     0  startup_stm32f103xe.o(.text)
    USART3_IRQHandler                        0x0800015f   Thumb Code     0  startup_stm32f103xe.o(.text)
    USBWakeUp_IRQHandler                     0x0800015f   Thumb Code     0  startup_stm32f103xe.o(.text)
    USB_HP_CAN1_TX_IRQHandler                0x0800015f   Thumb Code     0  startup_stm32f103xe.o(.text)
    USB_LP_CAN1_RX0_IRQHandler               0x0800015f   Thumb Code     0  startup_stm32f103xe.o(.text)
    WWDG_IRQHandler                          0x0800015f   Thumb Code     0  startup_stm32f103xe.o(.text)
    __aeabi_ldivmod                          0x08000169   Thumb Code    98  ldiv.o(.text)
    __aeabi_llsr                             0x080001cb   Thumb Code    32  llushr.o(.text)
    _ll_ushift_r                             0x080001cb   Thumb Code     0  llushr.o(.text)
    __aeabi_memcpy                           0x080001eb   Thumb Code    36  memcpya.o(.text)
    __aeabi_memcpy4                          0x080001eb   Thumb Code     0  memcpya.o(.text)
    __aeabi_memcpy8                          0x080001eb   Thumb Code     0  memcpya.o(.text)
    __aeabi_memset                           0x0800020f   Thumb Code    14  memseta.o(.text)
    __aeabi_memset4                          0x0800020f   Thumb Code     0  memseta.o(.text)
    __aeabi_memset8                          0x0800020f   Thumb Code     0  memseta.o(.text)
    __aeabi_memclr                           0x0800021d   Thumb Code     4  memseta.o(.text)
    __aeabi_memclr4                          0x0800021d   Thumb Code     0  memseta.o(.text)
    __aeabi_memclr8                          0x0800021d   Thumb Code     0  memseta.o(.text)
    _memset$wrapper                          0x08000221   Thumb Code    18  memseta.o(.text)
    memcmp                                   0x08000233   Thumb Code    26  memcmp.o(.text)
    __aeabi_fadd                             0x0800024d   Thumb Code   164  fadd.o(.text)
    __aeabi_fsub                             0x080002f1   Thumb Code     6  fadd.o(.text)
    __aeabi_frsub                            0x080002f7   Thumb Code     6  fadd.o(.text)
    __aeabi_fmul                             0x080002fd   Thumb Code   100  fmul.o(.text)
    __aeabi_fdiv                             0x08000361   Thumb Code   124  fdiv.o(.text)
    __aeabi_dmul                             0x080003dd   Thumb Code   228  dmul.o(.text)
    __aeabi_i2f                              0x080004c1   Thumb Code    18  fflti.o(.text)
    __aeabi_ui2f                             0x080004d3   Thumb Code    10  ffltui.o(.text)
    __aeabi_f2iz                             0x080004dd   Thumb Code    50  ffixi.o(.text)
    __aeabi_f2uiz                            0x0800050f   Thumb Code    40  ffixui.o(.text)
    __aeabi_f2d                              0x08000537   Thumb Code    38  f2d.o(.text)
    __aeabi_d2f                              0x0800055d   Thumb Code    56  d2f.o(.text)
    __aeabi_cfcmpeq                          0x08000595   Thumb Code     0  cfcmple.o(.text)
    __aeabi_cfcmple                          0x08000595   Thumb Code    20  cfcmple.o(.text)
    __aeabi_cfrcmple                         0x080005a9   Thumb Code    20  cfrcmple.o(.text)
    __aeabi_uldivmod                         0x080005bd   Thumb Code    98  uldiv.o(.text)
    __I$use$fp                               0x0800061f   Thumb Code     0  iusefp.o(.text)
    _float_round                             0x0800061f   Thumb Code    18  fepilogue.o(.text)
    _float_epilogue                          0x08000631   Thumb Code    92  fepilogue.o(.text)
    _double_round                            0x0800068d   Thumb Code    30  depilogue.o(.text)
    _double_epilogue                         0x080006ab   Thumb Code   156  depilogue.o(.text)
    __aeabi_dadd                             0x08000747   Thumb Code   322  dadd.o(.text)
    __aeabi_dsub                             0x08000889   Thumb Code     6  dadd.o(.text)
    __aeabi_drsub                            0x0800088f   Thumb Code     6  dadd.o(.text)
    __aeabi_ddiv                             0x08000895   Thumb Code   222  ddiv.o(.text)
    __ARM_scalbn                             0x08000973   Thumb Code    46  dscalb.o(.text)
    scalbn                                   0x08000973   Thumb Code     0  dscalb.o(.text)
    __scatterload                            0x080009a1   Thumb Code    28  init.o(.text)
    __scatterload_rt2                        0x080009a1   Thumb Code     0  init.o(.text)
    __aeabi_llsl                             0x080009c5   Thumb Code    30  llshl.o(.text)
    _ll_shift_l                              0x080009c5   Thumb Code     0  llshl.o(.text)
    __aeabi_lasr                             0x080009e3   Thumb Code    36  llsshr.o(.text)
    _ll_sshift_r                             0x080009e3   Thumb Code     0  llsshr.o(.text)
    _dsqrt                                   0x08000a07   Thumb Code   162  dsqrt.o(.text)
    ADC1_2_IRQHandler                        0x08000aa9   Thumb Code    10  stm32f1xx_it.o(i.ADC1_2_IRQHandler)
    ADC_ConversionStop_Disable               0x08000ab9   Thumb Code    92  stm32f1xx_hal_adc.o(i.ADC_ConversionStop_Disable)
    ADC_DMAConvCplt                          0x08000b15   Thumb Code    82  stm32f1xx_hal_adc.o(i.ADC_DMAConvCplt)
    ADC_DMAError                             0x08000b67   Thumb Code    30  stm32f1xx_hal_adc.o(i.ADC_DMAError)
    ADC_DMAHalfConvCplt                      0x08000b85   Thumb Code    14  stm32f1xx_hal_adc.o(i.ADC_DMAHalfConvCplt)
    ADC_Enable                               0x08000b95   Thumb Code   134  stm32f1xx_hal_adc.o(i.ADC_Enable)
    AngleCal                                 0x08000c25   Thumb Code   164  motor.o(i.AngleCal)
    Angle_Upgrade                            0x08000ce5   Thumb Code    88  motor.o(i.Angle_Upgrade)
    BusFault_Handler                         0x08000d51   Thumb Code     4  stm32f1xx_it.o(i.BusFault_Handler)
    DMA1_Channel1_IRQHandler                 0x08000d55   Thumb Code    10  stm32f1xx_it.o(i.DMA1_Channel1_IRQHandler)
    DataPrint                                0x08000d91   Thumb Code    42  motor.o(i.DataPrint)
    Data_Filter                              0x08000dc5   Thumb Code   102  pid.o(i.Data_Filter)
    DebugMon_Handler                         0x08000e31   Thumb Code     2  stm32f1xx_it.o(i.DebugMon_Handler)
    Error_Handler                            0x08000e33   Thumb Code     6  main.o(i.Error_Handler)
    HAL_ADCEx_Calibration_Start              0x08000e39   Thumb Code   278  stm32f1xx_hal_adc_ex.o(i.HAL_ADCEx_Calibration_Start)
    HAL_ADCEx_InjectedConvCpltCallback       0x08000f55   Thumb Code     2  stm32f1xx_hal_adc_ex.o(i.HAL_ADCEx_InjectedConvCpltCallback)
    HAL_ADC_ConfigChannel                    0x08000f59   Thumb Code   338  stm32f1xx_hal_adc.o(i.HAL_ADC_ConfigChannel)
    HAL_ADC_ConvCpltCallback                 0x080010b9   Thumb Code     2  stm32f1xx_hal_adc.o(i.HAL_ADC_ConvCpltCallback)
    HAL_ADC_ConvHalfCpltCallback             0x080010bb   Thumb Code     2  stm32f1xx_hal_adc.o(i.HAL_ADC_ConvHalfCpltCallback)
    HAL_ADC_ErrorCallback                    0x080010bd   Thumb Code     2  stm32f1xx_hal_adc.o(i.HAL_ADC_ErrorCallback)
    HAL_ADC_IRQHandler                       0x080010bf   Thumb Code   274  stm32f1xx_hal_adc.o(i.HAL_ADC_IRQHandler)
    HAL_ADC_Init                             0x080011d1   Thumb Code   340  stm32f1xx_hal_adc.o(i.HAL_ADC_Init)
    HAL_ADC_LevelOutOfWindowCallback         0x08001331   Thumb Code     2  stm32f1xx_hal_adc.o(i.HAL_ADC_LevelOutOfWindowCallback)
    HAL_ADC_MspInit                          0x08001335   Thumb Code   210  adc.o(i.HAL_ADC_MspInit)
    HAL_ADC_Start_DMA                        0x08001421   Thumb Code   362  stm32f1xx_hal_adc.o(i.HAL_ADC_Start_DMA)
    HAL_CAN_Init                             0x080015a1   Thumb Code   372  stm32f1xx_hal_can.o(i.HAL_CAN_Init)
    HAL_CAN_MspInit                          0x08001715   Thumb Code   140  can.o(i.HAL_CAN_MspInit)
    HAL_DMA_IRQHandler                       0x080017b1   Thumb Code   910  stm32f1xx_hal_dma.o(i.HAL_DMA_IRQHandler)
    HAL_DMA_Init                             0x08001b49   Thumb Code   132  stm32f1xx_hal_dma.o(i.HAL_DMA_Init)
    HAL_DMA_Start_IT                         0x08001bd5   Thumb Code   156  stm32f1xx_hal_dma.o(i.HAL_DMA_Start_IT)
    HAL_Delay                                0x08001c71   Thumb Code    36  stm32f1xx_hal.o(i.HAL_Delay)
    HAL_GPIO_Init                            0x08001c99   Thumb Code   792  stm32f1xx_hal_gpio.o(i.HAL_GPIO_Init)
    HAL_GPIO_ReadPin                         0x08001fd9   Thumb Code    16  stm32f1xx_hal_gpio.o(i.HAL_GPIO_ReadPin)
    HAL_GPIO_TogglePin                       0x08001fe9   Thumb Code    20  stm32f1xx_hal_gpio.o(i.HAL_GPIO_TogglePin)
    HAL_GPIO_WritePin                        0x08001ffd   Thumb Code    12  stm32f1xx_hal_gpio.o(i.HAL_GPIO_WritePin)
    HAL_GetTick                              0x08002009   Thumb Code     6  stm32f1xx_hal.o(i.HAL_GetTick)
    HAL_IncTick                              0x08002015   Thumb Code    16  stm32f1xx_hal.o(i.HAL_IncTick)
    HAL_Init                                 0x0800202d   Thumb Code    34  stm32f1xx_hal.o(i.HAL_Init)
    HAL_InitTick                             0x08002055   Thumb Code    64  stm32f1xx_hal.o(i.HAL_InitTick)
    HAL_MspInit                              0x080020a1   Thumb Code    76  stm32f1xx_hal_msp.o(i.HAL_MspInit)
    HAL_NVIC_EnableIRQ                       0x080020f5   Thumb Code    32  stm32f1xx_hal_cortex.o(i.HAL_NVIC_EnableIRQ)
    HAL_NVIC_SetPriority                     0x08002115   Thumb Code   124  stm32f1xx_hal_cortex.o(i.HAL_NVIC_SetPriority)
    HAL_NVIC_SetPriorityGrouping             0x08002191   Thumb Code    32  stm32f1xx_hal_cortex.o(i.HAL_NVIC_SetPriorityGrouping)
    HAL_PCD_Init                             0x080021b9   Thumb Code   330  stm32f1xx_hal_pcd.o(i.HAL_PCD_Init)
    HAL_PCD_MspInit                          0x08002305   Thumb Code    40  usb.o(i.HAL_PCD_MspInit)
    HAL_RCCEx_GetPeriphCLKFreq               0x08002335   Thumb Code   260  stm32f1xx_hal_rcc_ex.o(i.HAL_RCCEx_GetPeriphCLKFreq)
    HAL_RCCEx_PeriphCLKConfig                0x0800244d   Thumb Code   290  stm32f1xx_hal_rcc_ex.o(i.HAL_RCCEx_PeriphCLKConfig)
    HAL_RCC_ClockConfig                      0x0800257d   Thumb Code   376  stm32f1xx_hal_rcc.o(i.HAL_RCC_ClockConfig)
    HAL_RCC_GetHCLKFreq                      0x08002709   Thumb Code     6  stm32f1xx_hal_rcc.o(i.HAL_RCC_GetHCLKFreq)
    HAL_RCC_GetPCLK1Freq                     0x08002715   Thumb Code    22  stm32f1xx_hal_rcc.o(i.HAL_RCC_GetPCLK1Freq)
    HAL_RCC_GetPCLK2Freq                     0x08002735   Thumb Code    22  stm32f1xx_hal_rcc.o(i.HAL_RCC_GetPCLK2Freq)
    HAL_RCC_GetSysClockFreq                  0x08002755   Thumb Code    92  stm32f1xx_hal_rcc.o(i.HAL_RCC_GetSysClockFreq)
    HAL_RCC_OscConfig                        0x080027c5   Thumb Code  1114  stm32f1xx_hal_rcc.o(i.HAL_RCC_OscConfig)
    HAL_SPI_Init                             0x08002c29   Thumb Code   190  stm32f1xx_hal_spi.o(i.HAL_SPI_Init)
    HAL_SPI_MspInit                          0x08002ce9   Thumb Code   226  spi.o(i.HAL_SPI_MspInit)
    HAL_SYSTICK_Config                       0x08002de1   Thumb Code    52  stm32f1xx_hal_cortex.o(i.HAL_SYSTICK_Config)
    HAL_TIMEx_BreakCallback                  0x08002e15   Thumb Code     2  stm32f1xx_hal_tim_ex.o(i.HAL_TIMEx_BreakCallback)
    HAL_TIMEx_CommutCallback                 0x08002e17   Thumb Code     2  stm32f1xx_hal_tim_ex.o(i.HAL_TIMEx_CommutCallback)
    HAL_TIMEx_MasterConfigSynchronization    0x08002e19   Thumb Code   134  stm32f1xx_hal_tim_ex.o(i.HAL_TIMEx_MasterConfigSynchronization)
    HAL_TIM_Base_Init                        0x08002eb5   Thumb Code   102  stm32f1xx_hal_tim.o(i.HAL_TIM_Base_Init)
    HAL_TIM_Base_MspInit                     0x08002f1d   Thumb Code    58  tim.o(i.HAL_TIM_Base_MspInit)
    HAL_TIM_Base_Start_IT                    0x08002f61   Thumb Code   122  stm32f1xx_hal_tim.o(i.HAL_TIM_Base_Start_IT)
    HAL_TIM_Encoder_Init                     0x08002ff1   Thumb Code   196  stm32f1xx_hal_tim.o(i.HAL_TIM_Encoder_Init)
    HAL_TIM_Encoder_MspInit                  0x080030b5   Thumb Code   454  tim.o(i.HAL_TIM_Encoder_MspInit)
    HAL_TIM_Encoder_Start                    0x080032a1   Thumb Code   204  stm32f1xx_hal_tim.o(i.HAL_TIM_Encoder_Start)
    HAL_TIM_IC_CaptureCallback               0x0800336d   Thumb Code     2  stm32f1xx_hal_tim.o(i.HAL_TIM_IC_CaptureCallback)
    HAL_TIM_IRQHandler                       0x0800336f   Thumb Code   406  stm32f1xx_hal_tim.o(i.HAL_TIM_IRQHandler)
    HAL_TIM_MspPostInit                      0x08003505   Thumb Code   146  tim.o(i.HAL_TIM_MspPostInit)
    HAL_TIM_OC_DelayElapsedCallback          0x080035b1   Thumb Code     2  stm32f1xx_hal_tim.o(i.HAL_TIM_OC_DelayElapsedCallback)
    HAL_TIM_PWM_ConfigChannel                0x080035b3   Thumb Code   260  stm32f1xx_hal_tim.o(i.HAL_TIM_PWM_ConfigChannel)
    HAL_TIM_PWM_Init                         0x080036b7   Thumb Code   102  stm32f1xx_hal_tim.o(i.HAL_TIM_PWM_Init)
    HAL_TIM_PWM_MspInit                      0x0800371d   Thumb Code    76  tim.o(i.HAL_TIM_PWM_MspInit)
    HAL_TIM_PWM_PulseFinishedCallback        0x08003775   Thumb Code     2  stm32f1xx_hal_tim.o(i.HAL_TIM_PWM_PulseFinishedCallback)
    HAL_TIM_PWM_Start                        0x08003779   Thumb Code   222  stm32f1xx_hal_tim.o(i.HAL_TIM_PWM_Start)
    HAL_TIM_PeriodElapsedCallback            0x0800386d   Thumb Code    36  motor.o(i.HAL_TIM_PeriodElapsedCallback)
    HAL_TIM_TriggerCallback                  0x08003895   Thumb Code     2  stm32f1xx_hal_tim.o(i.HAL_TIM_TriggerCallback)
    HAL_UART_Init                            0x08003897   Thumb Code   118  stm32f1xx_hal_uart.o(i.HAL_UART_Init)
    HAL_UART_MspInit                         0x0800390d   Thumb Code   598  usart.o(i.HAL_UART_MspInit)
    HAL_UART_Transmit                        0x08003b8d   Thumb Code   178  stm32f1xx_hal_uart.o(i.HAL_UART_Transmit)
    HardFault_Handler                        0x08003c3f   Thumb Code     4  stm32f1xx_it.o(i.HardFault_Handler)
    I2C_Init                                 0x08003c45   Thumb Code    32  i2c.o(i.I2C_Init)
    I2C_Send_Byte                            0x08003c69   Thumb Code    78  i2c.o(i.I2C_Send_Byte)
    I2C_Start                                0x08003cbd   Thumb Code    60  i2c.o(i.I2C_Start)
    I2C_Stop                                 0x08003cfd   Thumb Code    60  i2c.o(i.I2C_Stop)
    I2C_Wait_Ack                             0x08003d3d   Thumb Code    84  i2c.o(i.I2C_Wait_Ack)
    I2C_WriteByte                            0x08003d95   Thumb Code    46  oled_i2c.o(i.I2C_WriteByte)
    MPU6050_DMP_get_data                     0x08003dc5   Thumb Code   544  mpu6050.o(i.MPU6050_DMP_get_data)
    MPU6050_Init                             0x08003fe9   Thumb Code   188  mpu6050.o(i.MPU6050_Init)
    MPU6050_Write_Len                        0x080040a9   Thumb Code    96  mpu6050.o(i.MPU6050_Write_Len)
    MX_ADC1_Init                             0x08004109   Thumb Code   240  adc.o(i.MX_ADC1_Init)
    MX_CAN_Init                              0x08004201   Thumb Code    48  can.o(i.MX_CAN_Init)
    MX_DMA_Init                              0x08004239   Thumb Code    48  dma.o(i.MX_DMA_Init)
    MX_GPIO_Init                             0x0800426d   Thumb Code   420  gpio.o(i.MX_GPIO_Init)
    MX_SPI1_Init                             0x08004425   Thumb Code    60  spi.o(i.MX_SPI1_Init)
    MX_SPI2_Init                             0x08004469   Thumb Code    58  spi.o(i.MX_SPI2_Init)
    MX_TIM1_Init                             0x080044ad   Thumb Code   116  tim.o(i.MX_TIM1_Init)
    MX_TIM2_Init                             0x08004529   Thumb Code   116  tim.o(i.MX_TIM2_Init)
    MX_TIM3_Init                             0x080045a1   Thumb Code   114  tim.o(i.MX_TIM3_Init)
    MX_TIM4_Init                             0x0800461d   Thumb Code   114  tim.o(i.MX_TIM4_Init)
    MX_TIM5_Init                             0x08004699   Thumb Code   162  tim.o(i.MX_TIM5_Init)
    MX_TIM6_Init                             0x08004745   Thumb Code    66  tim.o(i.MX_TIM6_Init)
    MX_TIM8_Init                             0x08004791   Thumb Code   116  tim.o(i.MX_TIM8_Init)
    MX_UART4_Init                            0x0800480d   Thumb Code    46  usart.o(i.MX_UART4_Init)
    MX_UART5_Init                            0x08004845   Thumb Code    46  usart.o(i.MX_UART5_Init)
    MX_USART1_UART_Init                      0x0800487d   Thumb Code    46  usart.o(i.MX_USART1_UART_Init)
    MX_USART2_UART_Init                      0x080048b5   Thumb Code    46  usart.o(i.MX_USART2_UART_Init)
    MX_USART3_UART_Init                      0x080048ed   Thumb Code    46  usart.o(i.MX_USART3_UART_Init)
    MX_USB_PCD_Init                          0x08004925   Thumb Code    38  usb.o(i.MX_USB_PCD_Init)
    MemManage_Handler                        0x08004955   Thumb Code     4  stm32f1xx_it.o(i.MemManage_Handler)
    Motor1_Send                              0x08004959   Thumb Code   104  motor.o(i.Motor1_Send)
    Motor2_Send                              0x080049cd   Thumb Code   114  motor.o(i.Motor2_Send)
    Motor3_Send                              0x08004a4d   Thumb Code   114  motor.o(i.Motor3_Send)
    Motor4_Send                              0x08004acd   Thumb Code   114  motor.o(i.Motor4_Send)
    MotorSpeedCal                            0x08004b4d   Thumb Code   256  motor.o(i.MotorSpeedCal)
    Motor_Init                               0x08004c65   Thumb Code    48  motor.o(i.Motor_Init)
    Motor_TIM_Init                           0x08004c99   Thumb Code   114  tim.o(i.Motor_TIM_Init)
    NMI_Handler                              0x08004d25   Thumb Code     4  stm32f1xx_it.o(i.NMI_Handler)
    OLED_Init                                0x08004d29   Thumb Code   178  oled_i2c.o(i.OLED_Init)
    OLED_SetPos                              0x08004ddb   Thumb Code    40  oled_i2c.o(i.OLED_SetPos)
    OLED_ShowStr                             0x08004e05   Thumb Code   228  oled_i2c.o(i.OLED_ShowStr)
    PID_Init                                 0x08004ef1   Thumb Code    18  pid.o(i.PID_Init)
    PID_Init_Motor                           0x08004f05   Thumb Code    78  motor.o(i.PID_Init_Motor)
    PID_SingleCalc                           0x08004f59   Thumb Code   176  pid.o(i.PID_SingleCalc)
    PendSV_Handler                           0x08005009   Thumb Code     2  stm32f1xx_it.o(i.PendSV_Handler)
    SCL_Output                               0x08005035   Thumb Code    24  i2c.o(i.SCL_Output)
    SDA_Input                                0x08005051   Thumb Code    24  i2c.o(i.SDA_Input)
    SDA_Output                               0x0800506d   Thumb Code    24  i2c.o(i.SDA_Output)
    SVC_Handler                              0x08005089   Thumb Code     2  stm32f1xx_it.o(i.SVC_Handler)
    SysTick_Handler                          0x0800508b   Thumb Code     8  stm32f1xx_it.o(i.SysTick_Handler)
    SystemClock_Config                       0x08005093   Thumb Code   136  main.o(i.SystemClock_Config)
    SystemInit                               0x0800511b   Thumb Code     2  system_stm32f1xx.o(i.SystemInit)
    TIM6_IRQHandler                          0x0800511d   Thumb Code    10  stm32f1xx_it.o(i.TIM6_IRQHandler)
    TIM_Base_SetConfig                       0x0800512d   Thumb Code   134  stm32f1xx_hal_tim.o(i.TIM_Base_SetConfig)
    TIM_CCxChannelCmd                        0x080051c9   Thumb Code    34  stm32f1xx_hal_tim.o(i.TIM_CCxChannelCmd)
    TIM_OC2_SetConfig                        0x0800525d   Thumb Code   114  stm32f1xx_hal_tim.o(i.TIM_OC2_SetConfig)
    USB_CoreInit                             0x08005533   Thumb Code     8  stm32f1xx_ll_usb.o(i.USB_CoreInit)
    USB_DevDisconnect                        0x0800553b   Thumb Code     6  stm32f1xx_ll_usb.o(i.USB_DevDisconnect)
    USB_DevInit                              0x08005541   Thumb Code    22  stm32f1xx_ll_usb.o(i.USB_DevInit)
    USB_DisableGlobalInt                     0x08005557   Thumb Code    20  stm32f1xx_ll_usb.o(i.USB_DisableGlobalInt)
    USB_SetCurrentMode                       0x0800556b   Thumb Code     6  stm32f1xx_ll_usb.o(i.USB_SetCurrentMode)
    UsageFault_Handler                       0x08005571   Thumb Code     4  stm32f1xx_it.o(i.UsageFault_Handler)
    Velocity_Upgrade                         0x08005575   Thumb Code   156  motor.o(i.Velocity_Upgrade)
    WriteCmd                                 0x08005621   Thumb Code    14  oled_i2c.o(i.WriteCmd)
    WriteDat                                 0x0800562f   Thumb Code    14  oled_i2c.o(i.WriteDat)
    __0printf$bare                           0x0800563d   Thumb Code     8  printfb.o(i.__0printf$bare)
    __1printf$bare                           0x0800563d   Thumb Code     0  printfb.o(i.__0printf$bare)
    __2printf                                0x0800563d   Thumb Code     0  printfb.o(i.__0printf$bare)
    __ARM_fpclassify                         0x0800564d   Thumb Code    40  fpclassify.o(i.__ARM_fpclassify)
    __kernel_poly                            0x080056ad   Thumb Code   170  poly.o(i.__kernel_poly)
    __mathlib_dbl_infnan                     0x08005757   Thumb Code     6  dunder.o(i.__mathlib_dbl_infnan)
    __mathlib_dbl_infnan2                    0x0800575d   Thumb Code     4  dunder.o(i.__mathlib_dbl_infnan2)
    __mathlib_dbl_invalid                    0x08005761   Thumb Code    12  dunder.o(i.__mathlib_dbl_invalid)
    __mathlib_dbl_underflow                  0x0800576d   Thumb Code    10  dunder.o(i.__mathlib_dbl_underflow)
    __scatterload_copy                       0x0800577d   Thumb Code    14  handlers.o(i.__scatterload_copy)
    __scatterload_null                       0x0800578b   Thumb Code     2  handlers.o(i.__scatterload_null)
    __scatterload_zeroinit                   0x0800578d   Thumb Code    14  handlers.o(i.__scatterload_zeroinit)
    __set_errno                              0x0800579d   Thumb Code     6  errno.o(i.__set_errno)
    asin                                     0x08005875   Thumb Code   572  asin.o(i.asin)
    atan                                     0x08005ae5   Thumb Code   474  atan.o(i.atan)
    atan2                                    0x08005d05   Thumb Code   346  atan2.o(i.atan2)
    delay_xus                                0x08005ee9   Thumb Code   108  i2c.o(i.delay_xus)
    dmp_enable_6x_lp_quat                    0x08005f59   Thumb Code    60  inv_mpu_dmp_motion_driver.o(i.dmp_enable_6x_lp_quat)
    dmp_enable_feature                       0x08005f95   Thumb Code   530  inv_mpu_dmp_motion_driver.o(i.dmp_enable_feature)
    dmp_enable_gyro_cal                      0x080061b1   Thumb Code    62  inv_mpu_dmp_motion_driver.o(i.dmp_enable_gyro_cal)
    dmp_enable_lp_quat                       0x08006209   Thumb Code    60  inv_mpu_dmp_motion_driver.o(i.dmp_enable_lp_quat)
    dmp_load_motion_driver_firmware          0x08006245   Thumb Code    20  inv_mpu_dmp_motion_driver.o(i.dmp_load_motion_driver_firmware)
    dmp_read_fifo                            0x0800625d   Thumb Code   456  inv_mpu_dmp_motion_driver.o(i.dmp_read_fifo)
    dmp_set_accel_bias                       0x08006429   Thumb Code   302  inv_mpu_dmp_motion_driver.o(i.dmp_set_accel_bias)
    dmp_set_fifo_rate                        0x0800655d   Thumb Code    96  inv_mpu_dmp_motion_driver.o(i.dmp_set_fifo_rate)
    dmp_set_gyro_bias                        0x080065cd   Thumb Code   294  inv_mpu_dmp_motion_driver.o(i.dmp_set_gyro_bias)
    dmp_set_orientation                      0x080066fd   Thumb Code   290  inv_mpu_dmp_motion_driver.o(i.dmp_set_orientation)
    dmp_set_shake_reject_thresh              0x08006835   Thumb Code    56  inv_mpu_dmp_motion_driver.o(i.dmp_set_shake_reject_thresh)
    dmp_set_shake_reject_time                0x0800686d   Thumb Code    38  inv_mpu_dmp_motion_driver.o(i.dmp_set_shake_reject_time)
    dmp_set_shake_reject_timeout             0x08006893   Thumb Code    38  inv_mpu_dmp_motion_driver.o(i.dmp_set_shake_reject_timeout)
    dmp_set_tap_axes                         0x080068b9   Thumb Code    70  inv_mpu_dmp_motion_driver.o(i.dmp_set_tap_axes)
    dmp_set_tap_count                        0x080068ff   Thumb Code    38  inv_mpu_dmp_motion_driver.o(i.dmp_set_tap_count)
    dmp_set_tap_thresh                       0x08006925   Thumb Code   396  inv_mpu_dmp_motion_driver.o(i.dmp_set_tap_thresh)
    dmp_set_tap_time                         0x08006ac5   Thumb Code    38  inv_mpu_dmp_motion_driver.o(i.dmp_set_tap_time)
    dmp_set_tap_time_multi                   0x08006aeb   Thumb Code    38  inv_mpu_dmp_motion_driver.o(i.dmp_set_tap_time_multi)
    fake_delay_ms                            0x08006b11   Thumb Code     2  mpu6050.o(i.fake_delay_ms)
    fake_get_ms                              0x08006b13   Thumb Code     2  mpu6050.o(i.fake_get_ms)
    fputc                                    0x08006b15   Thumb Code    22  my_uart.o(i.fputc)
    main                                     0x080071b5   Thumb Code   160  main.o(i.main)
    mpu_configure_fifo                       0x08007271   Thumb Code   106  inv_mpu.o(i.mpu_configure_fifo)
    mpu_get_accel_fsr                        0x080072e1   Thumb Code    72  inv_mpu.o(i.mpu_get_accel_fsr)
    mpu_get_accel_sens                       0x0800732d   Thumb Code    78  inv_mpu.o(i.mpu_get_accel_sens)
    mpu_get_fifo_config                      0x08007381   Thumb Code    12  inv_mpu.o(i.mpu_get_fifo_config)
    mpu_get_gyro_fsr                         0x08007391   Thumb Code    64  inv_mpu.o(i.mpu_get_gyro_fsr)
    mpu_get_gyro_sens                        0x080073d5   Thumb Code    58  inv_mpu.o(i.mpu_get_gyro_sens)
    mpu_get_lpf                              0x08007425   Thumb Code    74  inv_mpu.o(i.mpu_get_lpf)
    mpu_get_sample_rate                      0x08007475   Thumb Code    26  inv_mpu.o(i.mpu_get_sample_rate)
    mpu_init                                 0x08007495   Thumb Code   248  inv_mpu.o(i.mpu_init)
    mpu_load_firmware                        0x08007591   Thumb Code   180  inv_mpu.o(i.mpu_load_firmware)
    mpu_lp_accel_mode                        0x08007649   Thumb Code   218  inv_mpu.o(i.mpu_lp_accel_mode)
    mpu_read_fifo_stream                     0x08007729   Thumb Code   186  inv_mpu.o(i.mpu_read_fifo_stream)
    mpu_read_mem                             0x080077e9   Thumb Code   122  inv_mpu.o(i.mpu_read_mem)
    mpu_reset_fifo                           0x08007869   Thumb Code   450  inv_mpu.o(i.mpu_reset_fifo)
    mpu_run_self_test                        0x08007a31   Thumb Code   282  inv_mpu.o(i.mpu_run_self_test)
    mpu_set_accel_fsr                        0x08007b51   Thumb Code   126  inv_mpu.o(i.mpu_set_accel_fsr)
    mpu_set_bypass                           0x08007bd5   Thumb Code   328  inv_mpu.o(i.mpu_set_bypass)
    mpu_set_dmp_state                        0x08007d21   Thumb Code   138  inv_mpu.o(i.mpu_set_dmp_state)
    mpu_set_gyro_fsr                         0x08007db1   Thumb Code   132  inv_mpu.o(i.mpu_set_gyro_fsr)
    mpu_set_int_latched                      0x08007e39   Thumb Code   102  inv_mpu.o(i.mpu_set_int_latched)
    mpu_set_lpf                              0x08007ea5   Thumb Code   126  inv_mpu.o(i.mpu_set_lpf)
    mpu_set_sample_rate                      0x08007f29   Thumb Code   152  inv_mpu.o(i.mpu_set_sample_rate)
    mpu_set_sensors                          0x08007fc5   Thumb Code   202  inv_mpu.o(i.mpu_set_sensors)
    mpu_write_mem                            0x08008095   Thumb Code   122  inv_mpu.o(i.mpu_write_mem)
    run_self_test                            0x08008115   Thumb Code   148  mpu6050.o(i.run_self_test)
    sqrt                                     0x08008239   Thumb Code    76  sqrt.o(i.sqrt)
    AHBPrescTable                            0x080082a8   Data          16  system_stm32f1xx.o(.constdata)
    APBPrescTable                            0x080082b8   Data           8  system_stm32f1xx.o(.constdata)
    F16x16                                   0x080082c0   Data         160  codetab.o(.constdata)
    F6x8                                     0x08008360   Data         552  codetab.o(.constdata)
    F8X16                                    0x08008588   Data        1520  codetab.o(.constdata)
    reg                                      0x08008b78   Data          30  inv_mpu.o(.constdata)
    hw                                       0x08008b96   Data          12  inv_mpu.o(.constdata)
    test                                     0x08008ba4   Data          40  inv_mpu.o(.constdata)
    __mathlib_zero                           0x080098b0   Data           8  qnan.o(.constdata)
    Region$$Table$$Base                      0x080098b8   Number         0  anon$$obj.o(Region$$Table)
    Region$$Table$$Limit                     0x080098d8   Number         0  anon$$obj.o(Region$$Table)
    uwTick                                   0x20000000   Data           4  stm32f1xx_hal.o(.data)
    uwTickPrio                               0x20000004   Data           4  stm32f1xx_hal.o(.data)
    uwTickFreq                               0x20000008   Data           1  stm32f1xx_hal.o(.data)
    SystemCoreClock                          0x2000000c   Data           4  system_stm32f1xx.o(.data)
    time                                     0x20000010   Data           1  motor.o(.data)
    Vx                                       0x20000014   Data           4  motor.o(.data)
    Vy                                       0x20000018   Data           4  motor.o(.data)
    Vz                                       0x2000001c   Data           4  motor.o(.data)
    turns                                    0x20000020   Data           4  motor.o(.data)
    pitch                                    0x20000024   Data           4  motor.o(.data)
    roll                                     0x20000028   Data           4  motor.o(.data)
    yaw                                      0x2000002c   Data           4  motor.o(.data)
    actYaw                                   0x20000030   Data           4  motor.o(.data)
    targetYaw                                0x20000034   Data           4  motor.o(.data)
    p                                        0x20000038   Data           4  motor.o(.data)
    i                                        0x2000003c   Data           4  motor.o(.data)
    d                                        0x20000040   Data           4  motor.o(.data)
    imax                                     0x20000044   Data           4  motor.o(.data)
    __stdout                                 0x20000080   Data           4  stdout.o(.data)
    hadc1                                    0x20000088   Data          48  adc.o(.bss)
    hdma_adc1                                0x200000b8   Data          68  adc.o(.bss)
    hcan                                     0x200000fc   Data          40  can.o(.bss)
    hspi1                                    0x20000124   Data          88  spi.o(.bss)
    hspi2                                    0x2000017c   Data          88  spi.o(.bss)
    htim1                                    0x200001d4   Data          72  tim.o(.bss)
    htim2                                    0x2000021c   Data          72  tim.o(.bss)
    htim3                                    0x20000264   Data          72  tim.o(.bss)
    htim4                                    0x200002ac   Data          72  tim.o(.bss)
    htim5                                    0x200002f4   Data          72  tim.o(.bss)
    htim6                                    0x2000033c   Data          72  tim.o(.bss)
    htim8                                    0x20000384   Data          72  tim.o(.bss)
    huart4                                   0x200003cc   Data          72  usart.o(.bss)
    huart5                                   0x20000414   Data          72  usart.o(.bss)
    huart1                                   0x2000045c   Data          72  usart.o(.bss)
    huart2                                   0x200004a4   Data          72  usart.o(.bss)
    huart3                                   0x200004ec   Data          72  usart.o(.bss)
    hpcd_USB_FS                              0x20000534   Data         752  usb.o(.bss)
    YAW                                      0x20000824   Data          40  motor.o(.bss)
    DISTANCE                                 0x2000084c   Data          40  motor.o(.bss)
    motor                                    0x20000874   Data         912  motor.o(.bss)
    __initial_sp                             0x20001018   Data           0  startup_stm32f103xe.o(STACK)



==============================================================================

Memory Map of the image

  Image Entry point : 0x08000131

  Load Region LR_IROM1 (Base: 0x08000000, Size: 0x00009960, Max: 0x00080000, ABSOLUTE)

    Execution Region ER_IROM1 (Base: 0x08000000, Size: 0x000098d8, Max: 0x00080000, ABSOLUTE)

    Base Addr    Size         Type   Attr      Idx    E Section Name        Object

    0x08000000   0x00000130   Data   RO            3    RESET               startup_stm32f103xe.o
    0x08000130   0x00000000   Code   RO         5556  * .ARM.Collect$$$$00000000  mc_w.l(entry.o)
    0x08000130   0x00000004   Code   RO         5892    .ARM.Collect$$$$00000001  mc_w.l(entry2.o)
    0x08000134   0x00000004   Code   RO         5895    .ARM.Collect$$$$00000004  mc_w.l(entry5.o)
    0x08000138   0x00000000   Code   RO         5897    .ARM.Collect$$$$00000008  mc_w.l(entry7b.o)
    0x08000138   0x00000000   Code   RO         5899    .ARM.Collect$$$$0000000A  mc_w.l(entry8b.o)
    0x08000138   0x00000008   Code   RO         5900    .ARM.Collect$$$$0000000B  mc_w.l(entry9a.o)
    0x08000140   0x00000000   Code   RO         5902    .ARM.Collect$$$$0000000D  mc_w.l(entry10a.o)
    0x08000140   0x00000000   Code   RO         5904    .ARM.Collect$$$$0000000F  mc_w.l(entry11a.o)
    0x08000140   0x00000004   Code   RO         5893    .ARM.Collect$$$$00002712  mc_w.l(entry2.o)
    0x08000144   0x00000024   Code   RO            4    .text               startup_stm32f103xe.o
    0x08000168   0x00000062   Code   RO         5559    .text               mc_w.l(ldiv.o)
    0x080001ca   0x00000020   Code   RO         5561    .text               mc_w.l(llushr.o)
    0x080001ea   0x00000024   Code   RO         5563    .text               mc_w.l(memcpya.o)
    0x0800020e   0x00000024   Code   RO         5565    .text               mc_w.l(memseta.o)
    0x08000232   0x0000001a   Code   RO         5567    .text               mc_w.l(memcmp.o)
    0x0800024c   0x000000b0   Code   RO         5831    .text               mf_w.l(fadd.o)
    0x080002fc   0x00000064   Code   RO         5833    .text               mf_w.l(fmul.o)
    0x08000360   0x0000007c   Code   RO         5835    .text               mf_w.l(fdiv.o)
    0x080003dc   0x000000e4   Code   RO         5837    .text               mf_w.l(dmul.o)
    0x080004c0   0x00000012   Code   RO         5839    .text               mf_w.l(fflti.o)
    0x080004d2   0x0000000a   Code   RO         5841    .text               mf_w.l(ffltui.o)
    0x080004dc   0x00000032   Code   RO         5843    .text               mf_w.l(ffixi.o)
    0x0800050e   0x00000028   Code   RO         5845    .text               mf_w.l(ffixui.o)
    0x08000536   0x00000026   Code   RO         5847    .text               mf_w.l(f2d.o)
    0x0800055c   0x00000038   Code   RO         5849    .text               mf_w.l(d2f.o)
    0x08000594   0x00000014   Code   RO         5851    .text               mf_w.l(cfcmple.o)
    0x080005a8   0x00000014   Code   RO         5853    .text               mf_w.l(cfrcmple.o)
    0x080005bc   0x00000062   Code   RO         5909    .text               mc_w.l(uldiv.o)
    0x0800061e   0x00000000   Code   RO         5918    .text               mc_w.l(iusefp.o)
    0x0800061e   0x0000006e   Code   RO         5919    .text               mf_w.l(fepilogue.o)
    0x0800068c   0x000000ba   Code   RO         5921    .text               mf_w.l(depilogue.o)
    0x08000746   0x0000014e   Code   RO         5923    .text               mf_w.l(dadd.o)
    0x08000894   0x000000de   Code   RO         5925    .text               mf_w.l(ddiv.o)
    0x08000972   0x0000002e   Code   RO         5927    .text               mf_w.l(dscalb.o)
    0x080009a0   0x00000024   Code   RO         5933    .text               mc_w.l(init.o)
    0x080009c4   0x0000001e   Code   RO         5935    .text               mc_w.l(llshl.o)
    0x080009e2   0x00000024   Code   RO         5937    .text               mc_w.l(llsshr.o)
    0x08000a06   0x000000a2   Code   RO         5939    .text               mf_w.l(dsqrt.o)
    0x08000aa8   0x00000010   Code   RO          711    i.ADC1_2_IRQHandler  stm32f1xx_it.o
    0x08000ab8   0x0000005c   Code   RO          865    i.ADC_ConversionStop_Disable  stm32f1xx_hal_adc.o
    0x08000b14   0x00000052   Code   RO          866    i.ADC_DMAConvCplt   stm32f1xx_hal_adc.o
    0x08000b66   0x0000001e   Code   RO          867    i.ADC_DMAError      stm32f1xx_hal_adc.o
    0x08000b84   0x0000000e   Code   RO          868    i.ADC_DMAHalfConvCplt  stm32f1xx_hal_adc.o
    0x08000b92   0x00000002   PAD
    0x08000b94   0x00000090   Code   RO          869    i.ADC_Enable        stm32f1xx_hal_adc.o
    0x08000c24   0x000000c0   Code   RO         4597    i.AngleCal          motor.o
    0x08000ce4   0x0000006c   Code   RO         4598    i.Angle_Upgrade     motor.o
    0x08000d50   0x00000004   Code   RO          712    i.BusFault_Handler  stm32f1xx_it.o
    0x08000d54   0x00000010   Code   RO          713    i.DMA1_Channel1_IRQHandler  stm32f1xx_it.o
    0x08000d64   0x0000002c   Code   RO         1526    i.DMA_SetConfig     stm32f1xx_hal_dma.o
    0x08000d90   0x00000034   Code   RO         4599    i.DataPrint         motor.o
    0x08000dc4   0x0000006c   Code   RO         4705    i.Data_Filter       pid.o
    0x08000e30   0x00000002   Code   RO          714    i.DebugMon_Handler  stm32f1xx_it.o
    0x08000e32   0x00000006   Code   RO          243    i.Error_Handler     main.o
    0x08000e38   0x0000011c   Code   RO         1045    i.HAL_ADCEx_Calibration_Start  stm32f1xx_hal_adc_ex.o
    0x08000f54   0x00000002   Code   RO         1047    i.HAL_ADCEx_InjectedConvCpltCallback  stm32f1xx_hal_adc_ex.o
    0x08000f56   0x00000002   PAD
    0x08000f58   0x00000160   Code   RO          871    i.HAL_ADC_ConfigChannel  stm32f1xx_hal_adc.o
    0x080010b8   0x00000002   Code   RO          872    i.HAL_ADC_ConvCpltCallback  stm32f1xx_hal_adc.o
    0x080010ba   0x00000002   Code   RO          873    i.HAL_ADC_ConvHalfCpltCallback  stm32f1xx_hal_adc.o
    0x080010bc   0x00000002   Code   RO          875    i.HAL_ADC_ErrorCallback  stm32f1xx_hal_adc.o
    0x080010be   0x00000112   Code   RO          879    i.HAL_ADC_IRQHandler  stm32f1xx_hal_adc.o
    0x080011d0   0x00000160   Code   RO          880    i.HAL_ADC_Init      stm32f1xx_hal_adc.o
    0x08001330   0x00000002   Code   RO          881    i.HAL_ADC_LevelOutOfWindowCallback  stm32f1xx_hal_adc.o
    0x08001332   0x00000002   PAD
    0x08001334   0x000000ec   Code   RO          334    i.HAL_ADC_MspInit   adc.o
    0x08001420   0x00000180   Code   RO          887    i.HAL_ADC_Start_DMA  stm32f1xx_hal_adc.o
    0x080015a0   0x00000174   Code   RO         2163    i.HAL_CAN_Init      stm32f1xx_hal_can.o
    0x08001714   0x0000009c   Code   RO          376    i.HAL_CAN_MspInit   can.o
    0x080017b0   0x00000398   Code   RO         1532    i.HAL_DMA_IRQHandler  stm32f1xx_hal_dma.o
    0x08001b48   0x0000008c   Code   RO         1533    i.HAL_DMA_Init      stm32f1xx_hal_dma.o
    0x08001bd4   0x0000009c   Code   RO         1537    i.HAL_DMA_Start_IT  stm32f1xx_hal_dma.o
    0x08001c70   0x00000028   Code   RO         1148    i.HAL_Delay         stm32f1xx_hal.o
    0x08001c98   0x00000340   Code   RO         1463    i.HAL_GPIO_Init     stm32f1xx_hal_gpio.o
    0x08001fd8   0x00000010   Code   RO         1465    i.HAL_GPIO_ReadPin  stm32f1xx_hal_gpio.o
    0x08001fe8   0x00000014   Code   RO         1466    i.HAL_GPIO_TogglePin  stm32f1xx_hal_gpio.o
    0x08001ffc   0x0000000c   Code   RO         1467    i.HAL_GPIO_WritePin  stm32f1xx_hal_gpio.o
    0x08002008   0x0000000c   Code   RO         1152    i.HAL_GetTick       stm32f1xx_hal.o
    0x08002014   0x00000018   Code   RO         1158    i.HAL_IncTick       stm32f1xx_hal.o
    0x0800202c   0x00000028   Code   RO         1159    i.HAL_Init          stm32f1xx_hal.o
    0x08002054   0x0000004c   Code   RO         1160    i.HAL_InitTick      stm32f1xx_hal.o
    0x080020a0   0x00000054   Code   RO          805    i.HAL_MspInit       stm32f1xx_hal_msp.o
    0x080020f4   0x00000020   Code   RO         1623    i.HAL_NVIC_EnableIRQ  stm32f1xx_hal_cortex.o
    0x08002114   0x0000007c   Code   RO         1629    i.HAL_NVIC_SetPriority  stm32f1xx_hal_cortex.o
    0x08002190   0x00000028   Code   RO         1630    i.HAL_NVIC_SetPriorityGrouping  stm32f1xx_hal_cortex.o
    0x080021b8   0x0000014a   Code   RO         4086    i.HAL_PCD_Init      stm32f1xx_hal_pcd.o
    0x08002302   0x00000002   PAD
    0x08002304   0x00000030   Code   RO          670    i.HAL_PCD_MspInit   usb.o
    0x08002334   0x00000118   Code   RO         1424    i.HAL_RCCEx_GetPeriphCLKFreq  stm32f1xx_hal_rcc_ex.o
    0x0800244c   0x00000130   Code   RO         1425    i.HAL_RCCEx_PeriphCLKConfig  stm32f1xx_hal_rcc_ex.o
    0x0800257c   0x0000018c   Code   RO         1316    i.HAL_RCC_ClockConfig  stm32f1xx_hal_rcc.o
    0x08002708   0x0000000c   Code   RO         1321    i.HAL_RCC_GetHCLKFreq  stm32f1xx_hal_rcc.o
    0x08002714   0x00000020   Code   RO         1323    i.HAL_RCC_GetPCLK1Freq  stm32f1xx_hal_rcc.o
    0x08002734   0x00000020   Code   RO         1324    i.HAL_RCC_GetPCLK2Freq  stm32f1xx_hal_rcc.o
    0x08002754   0x00000070   Code   RO         1325    i.HAL_RCC_GetSysClockFreq  stm32f1xx_hal_rcc.o
    0x080027c4   0x00000464   Code   RO         1328    i.HAL_RCC_OscConfig  stm32f1xx_hal_rcc.o
    0x08002c28   0x000000be   Code   RO         2394    i.HAL_SPI_Init      stm32f1xx_hal_spi.o
    0x08002ce6   0x00000002   PAD
    0x08002ce8   0x000000f8   Code   RO          442    i.HAL_SPI_MspInit   spi.o
    0x08002de0   0x00000034   Code   RO         1634    i.HAL_SYSTICK_Config  stm32f1xx_hal_cortex.o
    0x08002e14   0x00000002   Code   RO         3422    i.HAL_TIMEx_BreakCallback  stm32f1xx_hal_tim_ex.o
    0x08002e16   0x00000002   Code   RO         3423    i.HAL_TIMEx_CommutCallback  stm32f1xx_hal_tim_ex.o
    0x08002e18   0x0000009c   Code   RO         3441    i.HAL_TIMEx_MasterConfigSynchronization  stm32f1xx_hal_tim_ex.o
    0x08002eb4   0x00000066   Code   RO         2707    i.HAL_TIM_Base_Init  stm32f1xx_hal_tim.o
    0x08002f1a   0x00000002   PAD
    0x08002f1c   0x00000044   Code   RO          490    i.HAL_TIM_Base_MspInit  tim.o
    0x08002f60   0x00000090   Code   RO         2712    i.HAL_TIM_Base_Start_IT  stm32f1xx_hal_tim.o
    0x08002ff0   0x000000c4   Code   RO         2728    i.HAL_TIM_Encoder_Init  stm32f1xx_hal_tim.o
    0x080030b4   0x000001ec   Code   RO          492    i.HAL_TIM_Encoder_MspInit  tim.o
    0x080032a0   0x000000cc   Code   RO         2731    i.HAL_TIM_Encoder_Start  stm32f1xx_hal_tim.o
    0x0800336c   0x00000002   Code   RO         2741    i.HAL_TIM_IC_CaptureCallback  stm32f1xx_hal_tim.o
    0x0800336e   0x00000196   Code   RO         2755    i.HAL_TIM_IRQHandler  stm32f1xx_hal_tim.o
    0x08003504   0x000000ac   Code   RO          493    i.HAL_TIM_MspPostInit  tim.o
    0x080035b0   0x00000002   Code   RO         2758    i.HAL_TIM_OC_DelayElapsedCallback  stm32f1xx_hal_tim.o
    0x080035b2   0x00000104   Code   RO         2779    i.HAL_TIM_PWM_ConfigChannel  stm32f1xx_hal_tim.o
    0x080036b6   0x00000066   Code   RO         2782    i.HAL_TIM_PWM_Init  stm32f1xx_hal_tim.o
    0x0800371c   0x00000058   Code   RO          495    i.HAL_TIM_PWM_MspInit  tim.o
    0x08003774   0x00000002   Code   RO         2785    i.HAL_TIM_PWM_PulseFinishedCallback  stm32f1xx_hal_tim.o
    0x08003776   0x00000002   PAD
    0x08003778   0x000000f4   Code   RO         2787    i.HAL_TIM_PWM_Start  stm32f1xx_hal_tim.o
    0x0800386c   0x00000028   Code   RO         4600    i.HAL_TIM_PeriodElapsedCallback  motor.o
    0x08003894   0x00000002   Code   RO         2798    i.HAL_TIM_TriggerCallback  stm32f1xx_hal_tim.o
    0x08003896   0x00000076   Code   RO         3719    i.HAL_UART_Init     stm32f1xx_hal_uart.o
    0x0800390c   0x00000280   Code   RO          604    i.HAL_UART_MspInit  usart.o
    0x08003b8c   0x000000b2   Code   RO         3727    i.HAL_UART_Transmit  stm32f1xx_hal_uart.o
    0x08003c3e   0x00000004   Code   RO          715    i.HardFault_Handler  stm32f1xx_it.o
    0x08003c42   0x00000002   PAD
    0x08003c44   0x00000024   Code   RO           14    i.I2C_Init          i2c.o
    0x08003c68   0x00000054   Code   RO           17    i.I2C_Send_Byte     i2c.o
    0x08003cbc   0x00000040   Code   RO           18    i.I2C_Start         i2c.o
    0x08003cfc   0x00000040   Code   RO           19    i.I2C_Stop          i2c.o
    0x08003d3c   0x00000058   Code   RO           20    i.I2C_Wait_Ack      i2c.o
    0x08003d94   0x0000002e   Code   RO         4805    i.I2C_WriteByte     oled_i2c.o
    0x08003dc2   0x00000002   PAD
    0x08003dc4   0x00000224   Code   RO         4910    i.MPU6050_DMP_get_data  mpu6050.o
    0x08003fe8   0x000000c0   Code   RO         4911    i.MPU6050_Init      mpu6050.o
    0x080040a8   0x00000060   Code   RO         4915    i.MPU6050_Write_Len  mpu6050.o
    0x08004108   0x000000f8   Code   RO          335    i.MX_ADC1_Init      adc.o
    0x08004200   0x00000038   Code   RO          377    i.MX_CAN_Init       can.o
    0x08004238   0x00000034   Code   RO          417    i.MX_DMA_Init       dma.o
    0x0800426c   0x000001b8   Code   RO          309    i.MX_GPIO_Init      gpio.o
    0x08004424   0x00000044   Code   RO          443    i.MX_SPI1_Init      spi.o
    0x08004468   0x00000044   Code   RO          444    i.MX_SPI2_Init      spi.o
    0x080044ac   0x0000007c   Code   RO          496    i.MX_TIM1_Init      tim.o
    0x08004528   0x00000078   Code   RO          497    i.MX_TIM2_Init      tim.o
    0x080045a0   0x0000007c   Code   RO          498    i.MX_TIM3_Init      tim.o
    0x0800461c   0x0000007c   Code   RO          499    i.MX_TIM4_Init      tim.o
    0x08004698   0x000000ac   Code   RO          500    i.MX_TIM5_Init      tim.o
    0x08004744   0x0000004c   Code   RO          501    i.MX_TIM6_Init      tim.o
    0x08004790   0x0000007c   Code   RO          502    i.MX_TIM8_Init      tim.o
    0x0800480c   0x00000038   Code   RO          605    i.MX_UART4_Init     usart.o
    0x08004844   0x00000038   Code   RO          606    i.MX_UART5_Init     usart.o
    0x0800487c   0x00000038   Code   RO          607    i.MX_USART1_UART_Init  usart.o
    0x080048b4   0x00000038   Code   RO          608    i.MX_USART2_UART_Init  usart.o
    0x080048ec   0x00000038   Code   RO          609    i.MX_USART3_UART_Init  usart.o
    0x08004924   0x00000030   Code   RO          671    i.MX_USB_PCD_Init   usb.o
    0x08004954   0x00000004   Code   RO          716    i.MemManage_Handler  stm32f1xx_it.o
    0x08004958   0x00000074   Code   RO         4601    i.Motor1_Send       motor.o
    0x080049cc   0x00000080   Code   RO         4602    i.Motor2_Send       motor.o
    0x08004a4c   0x00000080   Code   RO         4603    i.Motor3_Send       motor.o
    0x08004acc   0x00000080   Code   RO         4604    i.Motor4_Send       motor.o
    0x08004b4c   0x00000118   Code   RO         4605    i.MotorSpeedCal     motor.o
    0x08004c64   0x00000034   Code   RO         4606    i.Motor_Init        motor.o
    0x08004c98   0x0000008c   Code   RO          503    i.Motor_TIM_Init    tim.o
    0x08004d24   0x00000004   Code   RO          717    i.NMI_Handler       stm32f1xx_it.o
    0x08004d28   0x000000b2   Code   RO         4809    i.OLED_Init         oled_i2c.o
    0x08004dda   0x00000028   Code   RO         4812    i.OLED_SetPos       oled_i2c.o
    0x08004e02   0x00000002   PAD
    0x08004e04   0x000000ec   Code   RO         4814    i.OLED_ShowStr      oled_i2c.o
    0x08004ef0   0x00000012   Code   RO         4707    i.PID_Init          pid.o
    0x08004f02   0x00000002   PAD
    0x08004f04   0x00000054   Code   RO         4607    i.PID_Init_Motor    motor.o
    0x08004f58   0x000000b0   Code   RO         4708    i.PID_SingleCalc    pid.o
    0x08005008   0x00000002   Code   RO          718    i.PendSV_Handler    stm32f1xx_it.o
    0x0800500a   0x00000002   PAD
    0x0800500c   0x00000028   Code   RO         1329    i.RCC_Delay         stm32f1xx_hal_rcc.o
    0x08005034   0x0000001c   Code   RO           22    i.SCL_Output        i2c.o
    0x08005050   0x0000001c   Code   RO           23    i.SDA_Input         i2c.o
    0x0800506c   0x0000001c   Code   RO           24    i.SDA_Output        i2c.o
    0x08005088   0x00000002   Code   RO          719    i.SVC_Handler       stm32f1xx_it.o
    0x0800508a   0x00000008   Code   RO          720    i.SysTick_Handler   stm32f1xx_it.o
    0x08005092   0x00000088   Code   RO          244    i.SystemClock_Config  main.o
    0x0800511a   0x00000002   Code   RO         4528    i.SystemInit        system_stm32f1xx.o
    0x0800511c   0x00000010   Code   RO          721    i.TIM6_IRQHandler   stm32f1xx_it.o
    0x0800512c   0x0000009c   Code   RO         2800    i.TIM_Base_SetConfig  stm32f1xx_hal_tim.o
    0x080051c8   0x00000022   Code   RO         2801    i.TIM_CCxChannelCmd  stm32f1xx_hal_tim.o
    0x080051ea   0x00000002   PAD
    0x080051ec   0x00000070   Code   RO         2813    i.TIM_OC1_SetConfig  stm32f1xx_hal_tim.o
    0x0800525c   0x0000007c   Code   RO         2814    i.TIM_OC2_SetConfig  stm32f1xx_hal_tim.o
    0x080052d8   0x00000078   Code   RO         2815    i.TIM_OC3_SetConfig  stm32f1xx_hal_tim.o
    0x08005350   0x00000054   Code   RO         2816    i.TIM_OC4_SetConfig  stm32f1xx_hal_tim.o
    0x080053a4   0x000000fc   Code   RO         3746    i.UART_SetConfig    stm32f1xx_hal_uart.o
    0x080054a0   0x00000092   Code   RO         3750    i.UART_WaitOnFlagUntilTimeout  stm32f1xx_hal_uart.o
    0x08005532   0x00000008   Code   RO         4344    i.USB_CoreInit      stm32f1xx_ll_usb.o
    0x0800553a   0x00000006   Code   RO         4348    i.USB_DevDisconnect  stm32f1xx_ll_usb.o
    0x08005540   0x00000016   Code   RO         4349    i.USB_DevInit       stm32f1xx_ll_usb.o
    0x08005556   0x00000014   Code   RO         4350    i.USB_DisableGlobalInt  stm32f1xx_ll_usb.o
    0x0800556a   0x00000006   Code   RO         4365    i.USB_SetCurrentMode  stm32f1xx_ll_usb.o
    0x08005570   0x00000004   Code   RO          722    i.UsageFault_Handler  stm32f1xx_it.o
    0x08005574   0x000000ac   Code   RO         4608    i.Velocity_Upgrade  motor.o
    0x08005620   0x0000000e   Code   RO         4815    i.WriteCmd          oled_i2c.o
    0x0800562e   0x0000000e   Code   RO         4816    i.WriteDat          oled_i2c.o
    0x0800563c   0x00000010   Code   RO         5572    i.__0printf$bare    mc_w.l(printfb.o)
    0x0800564c   0x00000028   Code   RO         5879    i.__ARM_fpclassify  m_ws.l(fpclassify.o)
    0x08005674   0x00000010   Code   RO         1636    i.__NVIC_GetPriorityGrouping  stm32f1xx_hal_cortex.o
    0x08005684   0x00000028   Code   RO         1637    i.__NVIC_SetPriority  stm32f1xx_hal_cortex.o
    0x080056ac   0x000000aa   Code   RO         5881    i.__kernel_poly     m_ws.l(poly.o)
    0x08005756   0x00000006   Code   RO         5866    i.__mathlib_dbl_infnan  m_ws.l(dunder.o)
    0x0800575c   0x00000004   Code   RO         5867    i.__mathlib_dbl_infnan2  m_ws.l(dunder.o)
    0x08005760   0x0000000c   Code   RO         5868    i.__mathlib_dbl_invalid  m_ws.l(dunder.o)
    0x0800576c   0x00000010   Code   RO         5871    i.__mathlib_dbl_underflow  m_ws.l(dunder.o)
    0x0800577c   0x0000000e   Code   RO         5945    i.__scatterload_copy  mc_w.l(handlers.o)
    0x0800578a   0x00000002   Code   RO         5946    i.__scatterload_null  mc_w.l(handlers.o)
    0x0800578c   0x0000000e   Code   RO         5947    i.__scatterload_zeroinit  mc_w.l(handlers.o)
    0x0800579a   0x00000002   PAD
    0x0800579c   0x0000000c   Code   RO         5913    i.__set_errno       mc_w.l(errno.o)
    0x080057a8   0x00000022   Code   RO         5579    i._printf_core      mc_w.l(printfb.o)
    0x080057ca   0x00000002   PAD
    0x080057cc   0x000000a8   Code   RO         5001    i.accel_self_test   inv_mpu.o
    0x08005874   0x00000270   Code   RO         5539    i.asin              m_ws.l(asin.o)
    0x08005ae4   0x00000220   Code   RO         5856    i.atan              m_ws.l(atan.o)
    0x08005d04   0x00000180   Code   RO         5549    i.atan2             m_ws.l(atan2.o)
    0x08005e84   0x00000064   Code   RO         5347    i.decode_gesture    inv_mpu_dmp_motion_driver.o
    0x08005ee8   0x00000070   Code   RO           25    i.delay_xus         i2c.o
    0x08005f58   0x0000003c   Code   RO         5348    i.dmp_enable_6x_lp_quat  inv_mpu_dmp_motion_driver.o
    0x08005f94   0x0000021c   Code   RO         5349    i.dmp_enable_feature  inv_mpu_dmp_motion_driver.o
    0x080061b0   0x00000058   Code   RO         5350    i.dmp_enable_gyro_cal  inv_mpu_dmp_motion_driver.o
    0x08006208   0x0000003c   Code   RO         5351    i.dmp_enable_lp_quat  inv_mpu_dmp_motion_driver.o
    0x08006244   0x00000018   Code   RO         5356    i.dmp_load_motion_driver_firmware  inv_mpu_dmp_motion_driver.o
    0x0800625c   0x000001cc   Code   RO         5357    i.dmp_read_fifo     inv_mpu_dmp_motion_driver.o
    0x08006428   0x00000134   Code   RO         5360    i.dmp_set_accel_bias  inv_mpu_dmp_motion_driver.o
    0x0800655c   0x00000070   Code   RO         5361    i.dmp_set_fifo_rate  inv_mpu_dmp_motion_driver.o
    0x080065cc   0x00000130   Code   RO         5362    i.dmp_set_gyro_bias  inv_mpu_dmp_motion_driver.o
    0x080066fc   0x00000138   Code   RO         5364    i.dmp_set_orientation  inv_mpu_dmp_motion_driver.o
    0x08006834   0x00000038   Code   RO         5367    i.dmp_set_shake_reject_thresh  inv_mpu_dmp_motion_driver.o
    0x0800686c   0x00000026   Code   RO         5368    i.dmp_set_shake_reject_time  inv_mpu_dmp_motion_driver.o
    0x08006892   0x00000026   Code   RO         5369    i.dmp_set_shake_reject_timeout  inv_mpu_dmp_motion_driver.o
    0x080068b8   0x00000046   Code   RO         5370    i.dmp_set_tap_axes  inv_mpu_dmp_motion_driver.o
    0x080068fe   0x00000026   Code   RO         5371    i.dmp_set_tap_count  inv_mpu_dmp_motion_driver.o
    0x08006924   0x000001a0   Code   RO         5372    i.dmp_set_tap_thresh  inv_mpu_dmp_motion_driver.o
    0x08006ac4   0x00000026   Code   RO         5373    i.dmp_set_tap_time  inv_mpu_dmp_motion_driver.o
    0x08006aea   0x00000026   Code   RO         5374    i.dmp_set_tap_time_multi  inv_mpu_dmp_motion_driver.o
    0x08006b10   0x00000002   Code   RO         4916    i.fake_delay_ms     mpu6050.o
    0x08006b12   0x00000002   Code   RO         4917    i.fake_get_ms       mpu6050.o
    0x08006b14   0x0000001c   Code   RO         4751    i.fputc             my_uart.o
    0x08006b30   0x000000b4   Code   RO         5002    i.get_accel_prod_shift  inv_mpu.o
    0x08006be4   0x00000470   Code   RO         5003    i.get_st_biases     inv_mpu.o
    0x08007054   0x00000110   Code   RO         5004    i.gyro_self_test    inv_mpu.o
    0x08007164   0x0000004e   Code   RO         4918    i.inv_row_2_scale   mpu6050.o
    0x080071b2   0x00000002   PAD
    0x080071b4   0x000000bc   Code   RO          245    i.main              main.o
    0x08007270   0x00000070   Code   RO         5005    i.mpu_configure_fifo  inv_mpu.o
    0x080072e0   0x0000004c   Code   RO         5006    i.mpu_get_accel_fsr  inv_mpu.o
    0x0800732c   0x00000054   Code   RO         5008    i.mpu_get_accel_sens  inv_mpu.o
    0x08007380   0x00000010   Code   RO         5013    i.mpu_get_fifo_config  inv_mpu.o
    0x08007390   0x00000044   Code   RO         5014    i.mpu_get_gyro_fsr  inv_mpu.o
    0x080073d4   0x00000050   Code   RO         5016    i.mpu_get_gyro_sens  inv_mpu.o
    0x08007424   0x00000050   Code   RO         5018    i.mpu_get_lpf       inv_mpu.o
    0x08007474   0x00000020   Code   RO         5020    i.mpu_get_sample_rate  inv_mpu.o
    0x08007494   0x000000fc   Code   RO         5022    i.mpu_init          inv_mpu.o
    0x08007590   0x000000b8   Code   RO         5023    i.mpu_load_firmware  inv_mpu.o
    0x08007648   0x000000e0   Code   RO         5024    i.mpu_lp_accel_mode  inv_mpu.o
    0x08007728   0x000000c0   Code   RO         5030    i.mpu_read_fifo_stream  inv_mpu.o
    0x080077e8   0x00000080   Code   RO         5031    i.mpu_read_mem      inv_mpu.o
    0x08007868   0x000001c8   Code   RO         5034    i.mpu_reset_fifo    inv_mpu.o
    0x08007a30   0x00000120   Code   RO         5035    i.mpu_run_self_test  inv_mpu.o
    0x08007b50   0x00000084   Code   RO         5038    i.mpu_set_accel_fsr  inv_mpu.o
    0x08007bd4   0x0000014c   Code   RO         5039    i.mpu_set_bypass    inv_mpu.o
    0x08007d20   0x00000090   Code   RO         5041    i.mpu_set_dmp_state  inv_mpu.o
    0x08007db0   0x00000088   Code   RO         5043    i.mpu_set_gyro_fsr  inv_mpu.o
    0x08007e38   0x0000006c   Code   RO         5044    i.mpu_set_int_latched  inv_mpu.o
    0x08007ea4   0x00000084   Code   RO         5046    i.mpu_set_lpf       inv_mpu.o
    0x08007f28   0x0000009c   Code   RO         5047    i.mpu_set_sample_rate  inv_mpu.o
    0x08007fc4   0x000000d0   Code   RO         5048    i.mpu_set_sensors   inv_mpu.o
    0x08008094   0x00000080   Code   RO         5049    i.mpu_write_mem     inv_mpu.o
    0x08008114   0x00000094   Code   RO         4919    i.run_self_test     mpu6050.o
    0x080081a8   0x00000090   Code   RO         5050    i.set_int_enable    inv_mpu.o
    0x08008238   0x0000004c   Code   RO         5885    i.sqrt              m_ws.l(sqrt.o)
    0x08008284   0x00000012   Data   RO         1330    .constdata          stm32f1xx_hal_rcc.o
    0x08008296   0x00000012   Data   RO         1426    .constdata          stm32f1xx_hal_rcc_ex.o
    0x080082a8   0x00000018   Data   RO         4529    .constdata          system_stm32f1xx.o
    0x080082c0   0x000008b8   Data   RO         4897    .constdata          codetab.o
    0x08008b78   0x00000054   Data   RO         5051    .constdata          inv_mpu.o
    0x08008bcc   0x00000bf6   Data   RO         5376    .constdata          inv_mpu_dmp_motion_driver.o
    0x080097c2   0x00000006   PAD
    0x080097c8   0x00000050   Data   RO         5540    .constdata          m_ws.l(asin.o)
    0x08009818   0x00000098   Data   RO         5857    .constdata          m_ws.l(atan.o)
    0x080098b0   0x00000008   Data   RO         5883    .constdata          m_ws.l(qnan.o)
    0x080098b8   0x00000020   Data   RO         5943    Region$$Table       anon$$obj.o


    Execution Region RW_IRAM1 (Base: 0x20000000, Size: 0x00001018, Max: 0x00010000, ABSOLUTE)

    Base Addr    Size         Type   Attr      Idx    E Section Name        Object

    0x20000000   0x00000009   Data   RW         1166    .data               stm32f1xx_hal.o
    0x20000009   0x00000003   PAD
    0x2000000c   0x00000004   Data   RW         4530    .data               system_stm32f1xx.o
    0x20000010   0x00000038   Data   RW         4610    .data               motor.o
    0x20000048   0x00000009   Data   RW         4920    .data               mpu6050.o
    0x20000051   0x00000003   PAD
    0x20000054   0x0000002c   Data   RW         5052    .data               inv_mpu.o
    0x20000080   0x00000004   Data   RW         5906    .data               mc_w.l(stdout.o)
    0x20000084   0x00000004   Data   RW         5914    .data               mc_w.l(errno.o)
    0x20000088   0x00000074   Zero   RW          336    .bss                adc.o
    0x200000fc   0x00000028   Zero   RW          378    .bss                can.o
    0x20000124   0x000000b0   Zero   RW          445    .bss                spi.o
    0x200001d4   0x000001f8   Zero   RW          504    .bss                tim.o
    0x200003cc   0x00000168   Zero   RW          610    .bss                usart.o
    0x20000534   0x000002f0   Zero   RW          672    .bss                usb.o
    0x20000824   0x000003e0   Zero   RW         4609    .bss                motor.o
    0x20000c04   0x00000010   Zero   RW         5375    .bss                inv_mpu_dmp_motion_driver.o
    0x20000c14   0x00000004   PAD
    0x20000c18   0x00000400   Zero   RW            1    STACK               startup_stm32f103xe.o


==============================================================================

Image component sizes


      Code (inc. data)   RO Data    RW Data    ZI Data      Debug   Object Name

       484         34          0          0        116       1871   adc.o
       212         24          0          0         40       1607   can.o
         0          0       2232          0          0        597   codetab.o
        52          4          0          0          0        706   dma.o
       440         20          0          0          0       1143   gpio.o
       532         38          0          0          0     545911   i2c.o
      5648        204         84         44          0      25987   inv_mpu.o
      3100        124       3062          0         16      19570   inv_mpu_dmp_motion_driver.o
       330         28          0          0          0       1636   main.o
      1480        166          0         56        992       9433   motor.o
      1066          8          0          9          0       6492   mpu6050.o
        28          6          0          0          0        488   my_uart.o
       528          8          0          0          0       3415   oled_i2c.o
       302          6          0          0          0       2086   pid.o
       384         40          0          0        176       2170   spi.o
        36          8        304          0       1024        784   startup_stm32f103xe.o
       192         36          0          9          0       6353   stm32f1xx_hal.o
      1732         58          0          0          0       9506   stm32f1xx_hal_adc.o
       286          6          0          0          0       1975   stm32f1xx_hal_adc_ex.o
       372          0          0          0          0       1299   stm32f1xx_hal_can.o
       304         22          0          0          0      29299   stm32f1xx_hal_cortex.o
      1260         18          0          0          0       3683   stm32f1xx_hal_dma.o
       880         40          0          0          0       3856   stm32f1xx_hal_gpio.o
        84          8          0          0          0        858   stm32f1xx_hal_msp.o
       330          0          0          0          0       1323   stm32f1xx_hal_pcd.o
      1748         98         18          0          0       5824   stm32f1xx_hal_rcc.o
       584         34         18          0          0       2337   stm32f1xx_hal_rcc_ex.o
       190          0          0          0          0       1091   stm32f1xx_hal_spi.o
      2296        102          0          0          0      13197   stm32f1xx_hal_tim.o
       160         22          0          0          0       2365   stm32f1xx_hal_tim_ex.o
       694          4          0          0          0       3676   stm32f1xx_hal_uart.o
        82         18          0          0          0       5115   stm32f1xx_it.o
        62          0          0          0          0       3293   stm32f1xx_ll_usb.o
         2          0         24          4          0       1067   system_stm32f1xx.o
      1824        172          0          0        504       8123   tim.o
       920         92          0          0        360       4182   usart.o
        96         18          0          0        752       1418   usb.o

    ----------------------------------------------------------------------
     28748       1466       5780        128       3984     733736   Object Totals
         0          0         32          0          0          0   (incl. Generated)
        28          0          6          6          4          0   (incl. Padding)

    ----------------------------------------------------------------------

      Code (inc. data)   RO Data    RW Data    ZI Data      Debug   Library Member Name

       624         52         80          0          0        168   asin.o
       544         70        152          0          0        124   atan.o
       384         38          0          0          0        144   atan2.o
        38          6          0          0          0        272   dunder.o
        40          0          0          0          0         68   fpclassify.o
       170          0          0          0          0         96   poly.o
         0          0          8          0          0          0   qnan.o
        76          0          0          0          0         84   sqrt.o
         0          0          0          0          0          0   entry.o
         0          0          0          0          0          0   entry10a.o
         0          0          0          0          0          0   entry11a.o
         8          4          0          0          0          0   entry2.o
         4          0          0          0          0          0   entry5.o
         0          0          0          0          0          0   entry7b.o
         0          0          0          0          0          0   entry8b.o
         8          4          0          0          0          0   entry9a.o
        12          6          0          4          0         68   errno.o
        30          0          0          0          0          0   handlers.o
        36          8          0          0          0         68   init.o
         0          0          0          0          0          0   iusefp.o
        98          0          0          0          0         84   ldiv.o
        30          0          0          0          0         68   llshl.o
        36          0          0          0          0         68   llsshr.o
        32          0          0          0          0         68   llushr.o
        26          0          0          0          0         80   memcmp.o
        36          0          0          0          0         68   memcpya.o
        36          0          0          0          0        108   memseta.o
        50          8          0          0          0        152   printfb.o
         0          0          0          4          0          0   stdout.o
        98          0          0          0          0         92   uldiv.o
        20          0          0          0          0         68   cfcmple.o
        20          0          0          0          0         68   cfrcmple.o
        56          0          0          0          0         88   d2f.o
       334          0          0          0          0        148   dadd.o
       222          0          0          0          0        100   ddiv.o
       186          0          0          0          0        176   depilogue.o
       228          0          0          0          0         96   dmul.o
        46          0          0          0          0         80   dscalb.o
       162          0          0          0          0        100   dsqrt.o
        38          0          0          0          0         68   f2d.o
       176          0          0          0          0        140   fadd.o
       124          0          0          0          0         88   fdiv.o
       110          0          0          0          0        168   fepilogue.o
        50          0          0          0          0         68   ffixi.o
        40          0          0          0          0         68   ffixui.o
        18          0          0          0          0         68   fflti.o
        10          0          0          0          0         68   ffltui.o
       100          0          0          0          0         76   fmul.o

    ----------------------------------------------------------------------
      4360        196        240          8          0       3616   Library Totals
         4          0          0          0          0          0   (incl. Padding)

    ----------------------------------------------------------------------

      Code (inc. data)   RO Data    RW Data    ZI Data      Debug   Library Name

      1876        166        240          0          0        956   m_ws.l
       540         30          0          8          0        924   mc_w.l
      1940          0          0          0          0       1736   mf_w.l

    ----------------------------------------------------------------------
      4360        196        240          8          0       3616   Library Totals

    ----------------------------------------------------------------------

==============================================================================


      Code (inc. data)   RO Data    RW Data    ZI Data      Debug   

     33108       1662       6020        136       3984     725024   Grand Totals
     33108       1662       6020        136       3984     725024   ELF Image Totals
     33108       1662       6020        136          0          0   ROM Totals

==============================================================================

    Total RO  Size (Code + RO Data)                39128 (  38.21kB)
    Total RW  Size (RW Data + ZI Data)              4120 (   4.02kB)
    Total ROM Size (Code + RO Data + RW Data)      39264 (  38.34kB)

==============================================================================

